C:\DEEPAK\IAT SOFTWARE APPLICATION 3 AUG CURRENT\X64\DEBUG\FORMEMPTY.SBR
C:\DEEPAK\IAT SOFTWARE APPLICATION 3 AUG CURRENT\X64\DEBUG\FORMEMPTY.OBJ
C:\DEEPAK\IAT SOFTWARE APPLICATION 3 AUG CURRENT\X64\DEBUG\DU_IBIT_TEST.SBR
C:\DEEPAK\IAT SOFTWARE APPLICATION 3 AUG CURRENT\X64\DEBUG\DU_IBIT_TEST.OBJ
C:\DEEPAK\IAT SOFTWARE APPLICATION 3 AUG CURRENT\X64\DEBUG\ETHERNET_COMMUNICATION.SBR
C:\DEEPAK\IAT SOFTWARE APPLICATION 3 AUG CURRENT\X64\DEBUG\ETHERNET_COMMUNICATION.OBJ
C:\DEEPAK\IAT SOFTWARE APPLICATION 3 AUG CURRENT\X64\DEBUG\DLG_ISIS_PWR.SBR
C:\DEEPAK\IAT SOFTWARE APPLICATION 3 AUG CURRENT\X64\DEBUG\DLG_ISIS_PWR.OBJ
C:\DEEPAK\IAT SOFTWARE APPLICATION 3 AUG CURRENT\X64\DEBUG\GFX_PRINTUNIT.SBR
C:\DEEPAK\IAT SOFTWARE APPLICATION 3 AUG CURRENT\X64\DEBUG\GFX_PRINTUNIT.OBJ
C:\DEEPAK\IAT SOFTWARE APPLICATION 3 AUG CURRENT\X64\DEBUG\HLPRFUNCS.SBR
C:\DEEPAK\IAT SOFTWARE APPLICATION 3 AUG CURRENT\X64\DEBUG\HLPRFUNCS.OBJ
C:\DEEPAK\IAT SOFTWARE APPLICATION 3 AUG CURRENT\X64\DEBUG\GFX_PRINTJOB.SBR
C:\DEEPAK\IAT SOFTWARE APPLICATION 3 AUG CURRENT\X64\DEBUG\GFX_PRINTJOB.OBJ
C:\DEEPAK\IAT SOFTWARE APPLICATION 3 AUG CURRENT\X64\DEBUG\HELPER.SBR
C:\DEEPAK\IAT SOFTWARE APPLICATION 3 AUG CURRENT\X64\DEBUG\HELPER.OBJ
C:\DEEPAK\IAT SOFTWARE APPLICATION 3 AUG CURRENT\X64\DEBUG\DLG_ISIS_ADUTEST.SBR
C:\DEEPAK\IAT SOFTWARE APPLICATION 3 AUG CURRENT\X64\DEBUG\DLG_ISIS_ADUTEST.OBJ
C:\DEEPAK\IAT SOFTWARE APPLICATION 3 AUG CURRENT\X64\DEBUG\FONT.SBR
C:\DEEPAK\IAT SOFTWARE APPLICATION 3 AUG CURRENT\X64\DEBUG\FONT.OBJ
C:\DEEPAK\IAT SOFTWARE APPLICATION 3 AUG CURRENT\X64\DEBUG\DU_MODE_PAGE.SBR
C:\DEEPAK\IAT SOFTWARE APPLICATION 3 AUG CURRENT\X64\DEBUG\DU_MODE_PAGE.OBJ
C:\DEEPAK\IAT SOFTWARE APPLICATION 3 AUG CURRENT\X64\DEBUG\SIPU_SDU_GNDRIG.RES
C:\Deepak\IAT Software Application 3 aug Current\x64\Debug\AddUser.obj
C:\Deepak\IAT Software Application 3 aug Current\x64\Debug\Arinc429.obj
C:\Deepak\IAT Software Application 3 aug Current\x64\Debug\BenchSelfTest.obj
C:\Deepak\IAT Software Application 3 aug Current\x64\Debug\BezelKeyTest.obj
C:\Deepak\IAT Software Application 3 aug Current\x64\Debug\Bezel_5VAC.obj
C:\Deepak\IAT Software Application 3 aug Current\x64\Debug\Bezel_SelfTest.obj
C:\Deepak\IAT Software Application 3 aug Current\x64\Debug\Bezel_SensorMax.obj
C:\Deepak\IAT Software Application 3 aug Current\x64\Debug\Bezel_SensorMin.obj
C:\Deepak\IAT Software Application 3 aug Current\x64\Debug\Bez_5VDC.obj
C:\Deepak\IAT Software Application 3 aug Current\x64\Debug\Bonding_Insulation_Dlg.obj
C:\Deepak\IAT Software Application 3 aug Current\x64\Debug\CaptionBar.obj
C:\Deepak\IAT Software Application 3 aug Current\x64\Debug\CaptionListView.obj
C:\Deepak\IAT Software Application 3 aug Current\x64\Debug\CaptionView.obj
C:\Deepak\IAT Software Application 3 aug Current\x64\Debug\CHANGEPASSWORD.obj
C:\Deepak\IAT Software Application 3 aug Current\x64\Debug\Cursor.obj
C:\Deepak\IAT Software Application 3 aug Current\x64\Debug\DataStruct.obj
C:\Deepak\IAT Software Application 3 aug Current\x64\Debug\demos.obj
C:\Deepak\IAT Software Application 3 aug Current\x64\Debug\DialogSIGNAL.obj
C:\Deepak\IAT Software Application 3 aug Current\x64\Debug\DialogSmfdAHRS.obj
C:\Deepak\IAT Software Application 3 aug Current\x64\Debug\DialogSmfd_ADC.obj
C:\Deepak\IAT Software Application 3 aug Current\x64\Debug\DialogSmfd_Tacan.obj
C:\Deepak\IAT Software Application 3 aug Current\x64\Debug\Dialog_ADC_FUNCHK.obj
C:\Deepak\IAT Software Application 3 aug Current\x64\Debug\Dialog_ADC_LEAK.obj
C:\Deepak\IAT Software Application 3 aug Current\x64\Debug\Dialog_ADC_Visual.obj
C:\Deepak\IAT Software Application 3 aug Current\x64\Debug\Dialog_AHRS_PWR.obj
C:\Deepak\IAT Software Application 3 aug Current\x64\Debug\Dialog_AHRS_QualityChecks.obj
C:\Deepak\IAT Software Application 3 aug Current\x64\Debug\Dialog_AHRS_VISUAL.obj
C:\Deepak\IAT Software Application 3 aug Current\x64\Debug\Dialog_GPS_DBInfo.obj
C:\Deepak\IAT Software Application 3 aug Current\x64\Debug\Dialog_GPS_PWR.obj
C:\Deepak\IAT Software Application 3 aug Current\x64\Debug\Dialog_GPS_SYSINFO.obj
C:\Deepak\IAT Software Application 3 aug Current\x64\Debug\Dialog_GPS_VISUAL.obj
C:\Deepak\IAT Software Application 3 aug Current\x64\Debug\Dialog_ISIS_ALN.obj
C:\Deepak\IAT Software Application 3 aug Current\x64\Debug\Dialog_ISIS_BRTCHK.obj
C:\Deepak\IAT Software Application 3 aug Current\x64\Debug\Dialog_ISIS_IBIT.obj
C:\Deepak\IAT Software Application 3 aug Current\x64\Debug\Dialog_ISIS_NAVMODE.obj
C:\Deepak\IAT Software Application 3 aug Current\x64\Debug\Dialog_Smfd_Adc_RC.obj
C:\Deepak\IAT Software Application 3 aug Current\x64\Debug\Dialog_Smfd_AHRS_RC.obj
C:\Deepak\IAT Software Application 3 aug Current\x64\Debug\Dialog_Smfd_Analog.obj
C:\Deepak\IAT Software Application 3 aug Current\x64\Debug\Dialog_Smfd_Analog1_RC.obj
C:\Deepak\IAT Software Application 3 aug Current\x64\Debug\Dialog_Smfd_Analog2.obj
C:\Deepak\IAT Software Application 3 aug Current\x64\Debug\Dialog_Smfd_Analog_RC.obj
C:\Deepak\IAT Software Application 3 aug Current\x64\Debug\Dialog_Smfd_Discrete.obj
C:\Deepak\IAT Software Application 3 aug Current\x64\Debug\Dialog_Smfd_Discrete_RC.obj
C:\Deepak\IAT Software Application 3 aug Current\x64\Debug\Dialog_Smfd_Fuel.obj
C:\Deepak\IAT Software Application 3 aug Current\x64\Debug\Dialog_Smfd_Fuel_RC.obj
C:\Deepak\IAT Software Application 3 aug Current\x64\Debug\Dialog_SMFD_GPS.obj
C:\Deepak\IAT Software Application 3 aug Current\x64\Debug\Dialog_Smfd_Gps_RC.obj
C:\Deepak\IAT Software Application 3 aug Current\x64\Debug\Dialog_SMFD_PWR.obj
C:\Deepak\IAT Software Application 3 aug Current\x64\Debug\Dialog_Smfd_Pwr_RC.obj
C:\Deepak\IAT Software Application 3 aug Current\x64\Debug\Dialog_Smfd_Rev_Page.obj
C:\Deepak\IAT Software Application 3 aug Current\x64\Debug\Dialog_Smfd_Rev_RC.obj
C:\Deepak\IAT Software Application 3 aug Current\x64\Debug\Dialog_SMFD_SW.obj
C:\Deepak\IAT Software Application 3 aug Current\x64\Debug\Dialog_Smfd_Sw_RC.obj
C:\Deepak\IAT Software Application 3 aug Current\x64\Debug\Dialog_Smfd_Tacan_RC.obj
C:\Deepak\IAT Software Application 3 aug Current\x64\Debug\Dialog_Smfd_Visual.obj
C:\Deepak\IAT Software Application 3 aug Current\x64\Debug\Dialog_Smfd_Visual_RC.obj
C:\Deepak\IAT Software Application 3 aug Current\x64\Debug\Dialog_Smfd_VORILS.obj
C:\Deepak\IAT Software Application 3 aug Current\x64\Debug\Dialog_Smfd_Vorils_RC.obj
C:\Deepak\IAT Software Application 3 aug Current\x64\Debug\Dialog_VORTAC_PWR.obj
C:\Deepak\IAT Software Application 3 aug Current\x64\Debug\Dialog_VORTAC_Visual.obj
C:\Deepak\IAT Software Application 3 aug Current\x64\Debug\Dlg_ADC_PWR.obj
C:\Deepak\IAT Software Application 3 aug Current\x64\Debug\Dlg_ISIS_ADUTest.obj
C:\Deepak\IAT Software Application 3 aug Current\x64\Debug\Dlg_ISIS_AHRS.obj
C:\Deepak\IAT Software Application 3 aug Current\x64\Debug\Dlg_ISIS_PWR.obj
C:\Deepak\IAT Software Application 3 aug Current\x64\Debug\Dlg_ISIS_SWCHK.obj
C:\Deepak\IAT Software Application 3 aug Current\x64\Debug\DU_CBIT_Test.obj
C:\Deepak\IAT Software Application 3 aug Current\x64\Debug\DU_Color_Page.obj
C:\Deepak\IAT Software Application 3 aug Current\x64\Debug\DU_IBIT_Test.obj
C:\Deepak\IAT Software Application 3 aug Current\x64\Debug\DU_Mode_Page.obj
C:\Deepak\IAT Software Application 3 aug Current\x64\Debug\Ethernet_Communication.obj
C:\Deepak\IAT Software Application 3 aug Current\x64\Debug\font.obj
C:\Deepak\IAT Software Application 3 aug Current\x64\Debug\FormEmpty.obj
C:\Deepak\IAT Software Application 3 aug Current\x64\Debug\gfx_printjob.obj
C:\Deepak\IAT Software Application 3 aug Current\x64\Debug\gfx_printunit.obj
C:\Deepak\IAT Software Application 3 aug Current\x64\Debug\helper.obj
C:\Deepak\IAT Software Application 3 aug Current\x64\Debug\HlprFuncs.obj
C:\Deepak\IAT Software Application 3 aug Current\x64\Debug\led.obj
C:\Deepak\IAT Software Application 3 aug Current\x64\Debug\MainFrm.obj
C:\Deepak\IAT Software Application 3 aug Current\x64\Debug\Mechanical_Test_Dlg.obj
C:\Deepak\IAT Software Application 3 aug Current\x64\Debug\MessageBox_Dlg.obj
C:\Deepak\IAT Software Application 3 aug Current\x64\Debug\MIL1553B_Communication.obj
C:\Deepak\IAT Software Application 3 aug Current\x64\Debug\Mouse.obj
C:\Deepak\IAT Software Application 3 aug Current\x64\Debug\MyCEditView.obj
C:\Deepak\IAT Software Application 3 aug Current\x64\Debug\MyListView.obj
C:\Deepak\IAT Software Application 3 aug Current\x64\Debug\MySplitterClass.obj
C:\Deepak\IAT Software Application 3 aug Current\x64\Debug\Optical_Brt_Day.obj
C:\Deepak\IAT Software Application 3 aug Current\x64\Debug\Optical_Brt_Night.obj
C:\Deepak\IAT Software Application 3 aug Current\x64\Debug\Optical_Brt_NonUniformity.obj
C:\Deepak\IAT Software Application 3 aug Current\x64\Debug\Optical_Chromaticity_Day.obj
C:\Deepak\IAT Software Application 3 aug Current\x64\Debug\Optical_Chromaticity_Night.obj
C:\Deepak\IAT Software Application 3 aug Current\x64\Debug\Optical_Contrast_Ratio.obj
C:\Deepak\IAT Software Application 3 aug Current\x64\Debug\Optical_Contrast_White.obj
C:\Deepak\IAT Software Application 3 aug Current\x64\Debug\Optical_Display_Area.obj
C:\Deepak\IAT Software Application 3 aug Current\x64\Debug\Optical_Pixel_Defect.obj
C:\Deepak\IAT Software Application 3 aug Current\x64\Debug\picture.obj
C:\Deepak\IAT Software Application 3 aug Current\x64\Debug\Picture1.obj
C:\Deepak\IAT Software Application 3 aug Current\x64\Debug\PlxInit.obj
C:\Deepak\IAT Software Application 3 aug Current\x64\Debug\PowerInterruption.obj
C:\Deepak\IAT Software Application 3 aug Current\x64\Debug\Power_Day.obj
C:\Deepak\IAT Software Application 3 aug Current\x64\Debug\ProgressDlg.obj
C:\Deepak\IAT Software Application 3 aug Current\x64\Debug\rowcursor.obj
C:\Deepak\IAT Software Application 3 aug Current\x64\Debug\RS422_PORT1.obj
C:\Deepak\IAT Software Application 3 aug Current\x64\Debug\RS422_Port2.obj
C:\Deepak\IAT Software Application 3 aug Current\x64\Debug\Schedule.obj
C:\Deepak\IAT Software Application 3 aug Current\x64\Debug\SerialPort.obj
C:\Deepak\IAT Software Application 3 aug Current\x64\Debug\SIPUPowerONPage.obj
C:\Deepak\IAT Software Application 3 aug Current\x64\Debug\SIPU_SDU_GndRig.obj
C:\Deepak\IAT Software Application 3 aug Current\x64\Debug\SIPU_SDU_GndRigDoc.obj
C:\Deepak\IAT Software Application 3 aug Current\x64\Debug\SIPU_SDU_GndRigView.obj
C:\Deepak\IAT Software Application 3 aug Current\x64\Debug\Splach.obj
C:\Deepak\IAT Software Application 3 aug Current\x64\Debug\StdAfx.obj
C:\Deepak\IAT Software Application 3 aug Current\x64\Debug\TestTable.obj
C:\Deepak\IAT Software Application 3 aug Current\x64\Debug\unit_headerpage.obj
C:\Deepak\IAT Software Application 3 aug Current\x64\Debug\unit_indexpage.obj
C:\Deepak\IAT Software Application 3 aug Current\x64\Debug\unit_table1.obj
C:\Deepak\IAT Software Application 3 aug Current\x64\Debug\USB_Communication.obj
C:\Deepak\IAT Software Application 3 aug Current\x64\Debug\UserAuthendication.obj
C:\Deepak\IAT Software Application 3 aug Current\x64\Debug\VisualInspection.obj
C:\Deepak\IAT Software Application 3 aug Current\x64\Debug\Visual_LCDPanelChecks.obj
C:\Deepak\IAT Software Application 3 aug Current\x64\Debug\WndSlider.obj
C:\Deepak\IAT Software Application 3 aug Current\x64\Debug\XComboList.obj
C:\Deepak\IAT Software Application 3 aug Current\x64\Debug\XHeaderCtrl.obj
C:\Deepak\IAT Software Application 3 aug Current\x64\Debug\XListCtrl.obj
C:\Deepak\IAT Software Application 3 aug Current\x64\Debug\XTOutlookBar.obj
C:\Deepak\IAT Software Application 3 aug Current\x64\Debug\XTPagerCtrl.obj
C:\Deepak\IAT Software Application 3 aug Current\x64\Debug\CL.10116.read.1.tlog
C:\Deepak\IAT Software Application 3 aug Current\x64\Debug\CL.10116.write.1.tlog
C:\Deepak\IAT Software Application 3 aug Current\x64\Debug\CL.10520.read.1.tlog
C:\Deepak\IAT Software Application 3 aug Current\x64\Debug\CL.10520.write.1.tlog
C:\Deepak\IAT Software Application 3 aug Current\x64\Debug\CL.11596.read.1.tlog
C:\Deepak\IAT Software Application 3 aug Current\x64\Debug\CL.11596.write.1.tlog
C:\Deepak\IAT Software Application 3 aug Current\x64\Debug\CL.12256.read.1.tlog
C:\Deepak\IAT Software Application 3 aug Current\x64\Debug\CL.12256.write.1.tlog
C:\Deepak\IAT Software Application 3 aug Current\x64\Debug\CL.12372.read.1.tlog
C:\Deepak\IAT Software Application 3 aug Current\x64\Debug\CL.12372.write.1.tlog
C:\Deepak\IAT Software Application 3 aug Current\x64\Debug\CL.12808.read.1.tlog
C:\Deepak\IAT Software Application 3 aug Current\x64\Debug\CL.12808.write.1.tlog
C:\Deepak\IAT Software Application 3 aug Current\x64\Debug\CL.13296.read.1.tlog
C:\Deepak\IAT Software Application 3 aug Current\x64\Debug\CL.13296.write.1.tlog
C:\Deepak\IAT Software Application 3 aug Current\x64\Debug\CL.13624.read.1.tlog
C:\Deepak\IAT Software Application 3 aug Current\x64\Debug\CL.13624.write.1.tlog
C:\Deepak\IAT Software Application 3 aug Current\x64\Debug\CL.13780.read.1.tlog
C:\Deepak\IAT Software Application 3 aug Current\x64\Debug\CL.13780.write.1.tlog
C:\Deepak\IAT Software Application 3 aug Current\x64\Debug\CL.14960.read.1.tlog
C:\Deepak\IAT Software Application 3 aug Current\x64\Debug\CL.14960.write.1.tlog
C:\Deepak\IAT Software Application 3 aug Current\x64\Debug\CL.15272.read.1.tlog
C:\Deepak\IAT Software Application 3 aug Current\x64\Debug\CL.15272.write.1.tlog
C:\Deepak\IAT Software Application 3 aug Current\x64\Debug\CL.15676.read.1.tlog
C:\Deepak\IAT Software Application 3 aug Current\x64\Debug\CL.15676.write.1.tlog
C:\Deepak\IAT Software Application 3 aug Current\x64\Debug\CL.15832.read.1.tlog
C:\Deepak\IAT Software Application 3 aug Current\x64\Debug\CL.15832.write.1.tlog
C:\Deepak\IAT Software Application 3 aug Current\x64\Debug\CL.16228.read.1.tlog
C:\Deepak\IAT Software Application 3 aug Current\x64\Debug\CL.16228.write.1.tlog
C:\Deepak\IAT Software Application 3 aug Current\x64\Debug\CL.16324.read.1.tlog
C:\Deepak\IAT Software Application 3 aug Current\x64\Debug\CL.16324.write.1.tlog
C:\Deepak\IAT Software Application 3 aug Current\x64\Debug\CL.2080.read.1.tlog
C:\Deepak\IAT Software Application 3 aug Current\x64\Debug\CL.2080.write.1.tlog
C:\Deepak\IAT Software Application 3 aug Current\x64\Debug\CL.2344.read.1.tlog
C:\Deepak\IAT Software Application 3 aug Current\x64\Debug\CL.2344.write.1.tlog
C:\Deepak\IAT Software Application 3 aug Current\x64\Debug\CL.2652.read.1.tlog
C:\Deepak\IAT Software Application 3 aug Current\x64\Debug\CL.2652.write.1.tlog
C:\Deepak\IAT Software Application 3 aug Current\x64\Debug\CL.3756.read.1.tlog
C:\Deepak\IAT Software Application 3 aug Current\x64\Debug\CL.3756.write.1.tlog
C:\Deepak\IAT Software Application 3 aug Current\x64\Debug\CL.5588.read.1.tlog
C:\Deepak\IAT Software Application 3 aug Current\x64\Debug\CL.5588.write.1.tlog
C:\Deepak\IAT Software Application 3 aug Current\x64\Debug\CL.576.read.1.tlog
C:\Deepak\IAT Software Application 3 aug Current\x64\Debug\CL.576.write.1.tlog
C:\Deepak\IAT Software Application 3 aug Current\x64\Debug\CL.6016.read.1.tlog
C:\Deepak\IAT Software Application 3 aug Current\x64\Debug\CL.6016.write.1.tlog
C:\Deepak\IAT Software Application 3 aug Current\x64\Debug\CL.6904.read.1.tlog
C:\Deepak\IAT Software Application 3 aug Current\x64\Debug\CL.6904.write.1.tlog
C:\Deepak\IAT Software Application 3 aug Current\x64\Debug\CL.7392.read.1.tlog
C:\Deepak\IAT Software Application 3 aug Current\x64\Debug\CL.7392.write.1.tlog
C:\Deepak\IAT Software Application 3 aug Current\x64\Debug\CL.7472.read.1.tlog
C:\Deepak\IAT Software Application 3 aug Current\x64\Debug\CL.7472.write.1.tlog
C:\Deepak\IAT Software Application 3 aug Current\x64\Debug\CL.8016.read.1.tlog
C:\Deepak\IAT Software Application 3 aug Current\x64\Debug\CL.8016.write.1.tlog
C:\Deepak\IAT Software Application 3 aug Current\x64\Debug\CL.8388.read.1.tlog
C:\Deepak\IAT Software Application 3 aug Current\x64\Debug\CL.8388.write.1.tlog
C:\Deepak\IAT Software Application 3 aug Current\x64\Debug\CL.8432.read.1.tlog
C:\Deepak\IAT Software Application 3 aug Current\x64\Debug\CL.8432.write.1.tlog
C:\Deepak\IAT Software Application 3 aug Current\x64\Debug\CL.8608.read.1.tlog
C:\Deepak\IAT Software Application 3 aug Current\x64\Debug\CL.8608.write.1.tlog
C:\Deepak\IAT Software Application 3 aug Current\x64\Debug\CL.8964.read.1.tlog
C:\Deepak\IAT Software Application 3 aug Current\x64\Debug\CL.8964.write.1.tlog
C:\Deepak\IAT Software Application 3 aug Current\x64\Debug\CL.9248.read.1.tlog
C:\Deepak\IAT Software Application 3 aug Current\x64\Debug\CL.9248.write.1.tlog
C:\Deepak\IAT Software Application 3 aug Current\x64\Debug\cl.command.1.tlog
C:\Deepak\IAT Software Application 3 aug Current\x64\Debug\CL.read.1.tlog
C:\Deepak\IAT Software Application 3 aug Current\x64\Debug\CL.read.10.tlog
C:\Deepak\IAT Software Application 3 aug Current\x64\Debug\CL.read.11.tlog
C:\Deepak\IAT Software Application 3 aug Current\x64\Debug\CL.read.12.tlog
C:\Deepak\IAT Software Application 3 aug Current\x64\Debug\CL.read.13.tlog
C:\Deepak\IAT Software Application 3 aug Current\x64\Debug\CL.read.14.tlog
C:\Deepak\IAT Software Application 3 aug Current\x64\Debug\CL.read.15.tlog
C:\Deepak\IAT Software Application 3 aug Current\x64\Debug\CL.read.16.tlog
C:\Deepak\IAT Software Application 3 aug Current\x64\Debug\CL.read.17.tlog
C:\Deepak\IAT Software Application 3 aug Current\x64\Debug\CL.read.18.tlog
C:\Deepak\IAT Software Application 3 aug Current\x64\Debug\CL.read.19.tlog
C:\Deepak\IAT Software Application 3 aug Current\x64\Debug\CL.read.2.tlog
C:\Deepak\IAT Software Application 3 aug Current\x64\Debug\CL.read.20.tlog
C:\Deepak\IAT Software Application 3 aug Current\x64\Debug\CL.read.3.tlog
C:\Deepak\IAT Software Application 3 aug Current\x64\Debug\CL.read.4.tlog
C:\Deepak\IAT Software Application 3 aug Current\x64\Debug\CL.read.5.tlog
C:\Deepak\IAT Software Application 3 aug Current\x64\Debug\CL.read.6.tlog
C:\Deepak\IAT Software Application 3 aug Current\x64\Debug\CL.read.7.tlog
C:\Deepak\IAT Software Application 3 aug Current\x64\Debug\CL.read.8.tlog
C:\Deepak\IAT Software Application 3 aug Current\x64\Debug\CL.read.9.tlog
C:\Deepak\IAT Software Application 3 aug Current\x64\Debug\cl.write.1.tlog
C:\Deepak\IAT Software Application 3 aug Current\x64\Debug\link.command.1.tlog
C:\Deepak\IAT Software Application 3 aug Current\x64\Debug\link.read.1.tlog
C:\Deepak\IAT Software Application 3 aug Current\x64\Debug\link.write.1.tlog
C:\Deepak\IAT Software Application 3 aug Current\x64\Debug\rc.command.1.tlog
C:\Deepak\IAT Software Application 3 aug Current\x64\Debug\rc.read.1.tlog
C:\Deepak\IAT Software Application 3 aug Current\x64\Debug\rc.write.1.tlog
C:\Deepak\IAT Software Application 3 aug Current\x64\Debug\SIPU_SDU_GndRig.res
C:\Deepak\IAT Software Application 3 aug Current\x64\Debug\ATI_UT.pdb
C:\Deepak\IAT Software Application 3 aug Current\x64\Debug\ATI_UT.bsc
C:\Deepak\IAT Software Application 3 aug Current\x64\Debug\AddUser.sbr
C:\Deepak\IAT Software Application 3 aug Current\x64\Debug\Arinc429.sbr
C:\Deepak\IAT Software Application 3 aug Current\x64\Debug\BenchSelfTest.sbr
C:\Deepak\IAT Software Application 3 aug Current\x64\Debug\BezelKeyTest.sbr
C:\Deepak\IAT Software Application 3 aug Current\x64\Debug\Bezel_5VAC.sbr
C:\Deepak\IAT Software Application 3 aug Current\x64\Debug\Bezel_SelfTest.sbr
C:\Deepak\IAT Software Application 3 aug Current\x64\Debug\Bezel_SensorMax.sbr
C:\Deepak\IAT Software Application 3 aug Current\x64\Debug\Bezel_SensorMin.sbr
C:\Deepak\IAT Software Application 3 aug Current\x64\Debug\Bez_5VDC.sbr
C:\Deepak\IAT Software Application 3 aug Current\x64\Debug\Bonding_Insulation_Dlg.sbr
C:\Deepak\IAT Software Application 3 aug Current\x64\Debug\CaptionBar.sbr
C:\Deepak\IAT Software Application 3 aug Current\x64\Debug\CaptionListView.sbr
C:\Deepak\IAT Software Application 3 aug Current\x64\Debug\CaptionView.sbr
C:\Deepak\IAT Software Application 3 aug Current\x64\Debug\CHANGEPASSWORD.sbr
C:\Deepak\IAT Software Application 3 aug Current\x64\Debug\Cursor.sbr
C:\Deepak\IAT Software Application 3 aug Current\x64\Debug\DataStruct.sbr
C:\Deepak\IAT Software Application 3 aug Current\x64\Debug\demos.sbr
C:\Deepak\IAT Software Application 3 aug Current\x64\Debug\DialogSIGNAL.sbr
C:\Deepak\IAT Software Application 3 aug Current\x64\Debug\DialogSmfdAHRS.sbr
C:\Deepak\IAT Software Application 3 aug Current\x64\Debug\DialogSmfd_ADC.sbr
C:\Deepak\IAT Software Application 3 aug Current\x64\Debug\DialogSmfd_Tacan.sbr
C:\Deepak\IAT Software Application 3 aug Current\x64\Debug\Dialog_ADC_FUNCHK.sbr
C:\Deepak\IAT Software Application 3 aug Current\x64\Debug\Dialog_ADC_LEAK.sbr
C:\Deepak\IAT Software Application 3 aug Current\x64\Debug\Dialog_ADC_Visual.sbr
C:\Deepak\IAT Software Application 3 aug Current\x64\Debug\Dialog_AHRS_PWR.sbr
C:\Deepak\IAT Software Application 3 aug Current\x64\Debug\Dialog_AHRS_QualityChecks.sbr
C:\Deepak\IAT Software Application 3 aug Current\x64\Debug\Dialog_AHRS_VISUAL.sbr
C:\Deepak\IAT Software Application 3 aug Current\x64\Debug\Dialog_GPS_DBInfo.sbr
C:\Deepak\IAT Software Application 3 aug Current\x64\Debug\Dialog_GPS_PWR.sbr
C:\Deepak\IAT Software Application 3 aug Current\x64\Debug\Dialog_GPS_SYSINFO.sbr
C:\Deepak\IAT Software Application 3 aug Current\x64\Debug\Dialog_GPS_VISUAL.sbr
C:\Deepak\IAT Software Application 3 aug Current\x64\Debug\Dialog_ISIS_ALN.sbr
C:\Deepak\IAT Software Application 3 aug Current\x64\Debug\Dialog_ISIS_BRTCHK.sbr
C:\Deepak\IAT Software Application 3 aug Current\x64\Debug\Dialog_ISIS_IBIT.sbr
C:\Deepak\IAT Software Application 3 aug Current\x64\Debug\Dialog_ISIS_NAVMODE.sbr
C:\Deepak\IAT Software Application 3 aug Current\x64\Debug\Dialog_Smfd_Adc_RC.sbr
C:\Deepak\IAT Software Application 3 aug Current\x64\Debug\Dialog_Smfd_AHRS_RC.sbr
C:\Deepak\IAT Software Application 3 aug Current\x64\Debug\Dialog_Smfd_Analog.sbr
C:\Deepak\IAT Software Application 3 aug Current\x64\Debug\Dialog_Smfd_Analog1_RC.sbr
C:\Deepak\IAT Software Application 3 aug Current\x64\Debug\Dialog_Smfd_Analog2.sbr
C:\Deepak\IAT Software Application 3 aug Current\x64\Debug\Dialog_Smfd_Analog_RC.sbr
C:\Deepak\IAT Software Application 3 aug Current\x64\Debug\Dialog_Smfd_Discrete.sbr
C:\Deepak\IAT Software Application 3 aug Current\x64\Debug\Dialog_Smfd_Discrete_RC.sbr
C:\Deepak\IAT Software Application 3 aug Current\x64\Debug\Dialog_Smfd_Fuel.sbr
C:\Deepak\IAT Software Application 3 aug Current\x64\Debug\Dialog_Smfd_Fuel_RC.sbr
C:\Deepak\IAT Software Application 3 aug Current\x64\Debug\Dialog_SMFD_GPS.sbr
C:\Deepak\IAT Software Application 3 aug Current\x64\Debug\Dialog_Smfd_Gps_RC.sbr
C:\Deepak\IAT Software Application 3 aug Current\x64\Debug\Dialog_SMFD_PWR.sbr
C:\Deepak\IAT Software Application 3 aug Current\x64\Debug\Dialog_Smfd_Pwr_RC.sbr
C:\Deepak\IAT Software Application 3 aug Current\x64\Debug\Dialog_Smfd_Rev_Page.sbr
C:\Deepak\IAT Software Application 3 aug Current\x64\Debug\Dialog_Smfd_Rev_RC.sbr
C:\Deepak\IAT Software Application 3 aug Current\x64\Debug\Dialog_SMFD_SW.sbr
C:\Deepak\IAT Software Application 3 aug Current\x64\Debug\Dialog_Smfd_Sw_RC.sbr
C:\Deepak\IAT Software Application 3 aug Current\x64\Debug\Dialog_Smfd_Tacan_RC.sbr
C:\Deepak\IAT Software Application 3 aug Current\x64\Debug\Dialog_Smfd_Visual.sbr
C:\Deepak\IAT Software Application 3 aug Current\x64\Debug\Dialog_Smfd_Visual_RC.sbr
C:\Deepak\IAT Software Application 3 aug Current\x64\Debug\Dialog_Smfd_VORILS.sbr
C:\Deepak\IAT Software Application 3 aug Current\x64\Debug\Dialog_Smfd_Vorils_RC.sbr
C:\Deepak\IAT Software Application 3 aug Current\x64\Debug\Dialog_VORTAC_PWR.sbr
C:\Deepak\IAT Software Application 3 aug Current\x64\Debug\Dialog_VORTAC_Visual.sbr
C:\Deepak\IAT Software Application 3 aug Current\x64\Debug\Dlg_ADC_PWR.sbr
C:\Deepak\IAT Software Application 3 aug Current\x64\Debug\Dlg_ISIS_ADUTest.sbr
C:\Deepak\IAT Software Application 3 aug Current\x64\Debug\Dlg_ISIS_AHRS.sbr
C:\Deepak\IAT Software Application 3 aug Current\x64\Debug\Dlg_ISIS_PWR.sbr
C:\Deepak\IAT Software Application 3 aug Current\x64\Debug\Dlg_ISIS_SWCHK.sbr
C:\Deepak\IAT Software Application 3 aug Current\x64\Debug\DU_CBIT_Test.sbr
C:\Deepak\IAT Software Application 3 aug Current\x64\Debug\DU_Color_Page.sbr
C:\Deepak\IAT Software Application 3 aug Current\x64\Debug\DU_IBIT_Test.sbr
C:\Deepak\IAT Software Application 3 aug Current\x64\Debug\DU_Mode_Page.sbr
C:\Deepak\IAT Software Application 3 aug Current\x64\Debug\Ethernet_Communication.sbr
C:\Deepak\IAT Software Application 3 aug Current\x64\Debug\font.sbr
C:\Deepak\IAT Software Application 3 aug Current\x64\Debug\FormEmpty.sbr
C:\Deepak\IAT Software Application 3 aug Current\x64\Debug\gfx_printjob.sbr
C:\Deepak\IAT Software Application 3 aug Current\x64\Debug\gfx_printunit.sbr
C:\Deepak\IAT Software Application 3 aug Current\x64\Debug\helper.sbr
C:\Deepak\IAT Software Application 3 aug Current\x64\Debug\HlprFuncs.sbr
C:\Deepak\IAT Software Application 3 aug Current\x64\Debug\led.sbr
C:\Deepak\IAT Software Application 3 aug Current\x64\Debug\MainFrm.sbr
C:\Deepak\IAT Software Application 3 aug Current\x64\Debug\Mechanical_Test_Dlg.sbr
C:\Deepak\IAT Software Application 3 aug Current\x64\Debug\MessageBox_Dlg.sbr
C:\Deepak\IAT Software Application 3 aug Current\x64\Debug\MIL1553B_Communication.sbr
C:\Deepak\IAT Software Application 3 aug Current\x64\Debug\Mouse.sbr
C:\Deepak\IAT Software Application 3 aug Current\x64\Debug\MyCEditView.sbr
C:\Deepak\IAT Software Application 3 aug Current\x64\Debug\MyListView.sbr
C:\Deepak\IAT Software Application 3 aug Current\x64\Debug\MySplitterClass.sbr
C:\Deepak\IAT Software Application 3 aug Current\x64\Debug\Optical_Brt_Day.sbr
C:\Deepak\IAT Software Application 3 aug Current\x64\Debug\Optical_Brt_Night.sbr
C:\Deepak\IAT Software Application 3 aug Current\x64\Debug\Optical_Brt_NonUniformity.sbr
C:\Deepak\IAT Software Application 3 aug Current\x64\Debug\Optical_Chromaticity_Day.sbr
C:\Deepak\IAT Software Application 3 aug Current\x64\Debug\Optical_Chromaticity_Night.sbr
C:\Deepak\IAT Software Application 3 aug Current\x64\Debug\Optical_Contrast_Ratio.sbr
C:\Deepak\IAT Software Application 3 aug Current\x64\Debug\Optical_Contrast_White.sbr
C:\Deepak\IAT Software Application 3 aug Current\x64\Debug\Optical_Display_Area.sbr
C:\Deepak\IAT Software Application 3 aug Current\x64\Debug\Optical_Pixel_Defect.sbr
C:\Deepak\IAT Software Application 3 aug Current\x64\Debug\picture.sbr
C:\Deepak\IAT Software Application 3 aug Current\x64\Debug\Picture1.sbr
C:\Deepak\IAT Software Application 3 aug Current\x64\Debug\PlxInit.sbr
C:\Deepak\IAT Software Application 3 aug Current\x64\Debug\PowerInterruption.sbr
C:\Deepak\IAT Software Application 3 aug Current\x64\Debug\Power_Day.sbr
C:\Deepak\IAT Software Application 3 aug Current\x64\Debug\ProgressDlg.sbr
C:\Deepak\IAT Software Application 3 aug Current\x64\Debug\rowcursor.sbr
C:\Deepak\IAT Software Application 3 aug Current\x64\Debug\RS422_PORT1.sbr
C:\Deepak\IAT Software Application 3 aug Current\x64\Debug\RS422_Port2.sbr
C:\Deepak\IAT Software Application 3 aug Current\x64\Debug\Schedule.sbr
C:\Deepak\IAT Software Application 3 aug Current\x64\Debug\SerialPort.sbr
C:\Deepak\IAT Software Application 3 aug Current\x64\Debug\SIPUPowerONPage.sbr
C:\Deepak\IAT Software Application 3 aug Current\x64\Debug\SIPU_SDU_GndRig.sbr
C:\Deepak\IAT Software Application 3 aug Current\x64\Debug\SIPU_SDU_GndRigDoc.sbr
C:\Deepak\IAT Software Application 3 aug Current\x64\Debug\SIPU_SDU_GndRigView.sbr
C:\Deepak\IAT Software Application 3 aug Current\x64\Debug\Splach.sbr
C:\Deepak\IAT Software Application 3 aug Current\x64\Debug\StdAfx.sbr
C:\Deepak\IAT Software Application 3 aug Current\x64\Debug\TestTable.sbr
C:\Deepak\IAT Software Application 3 aug Current\x64\Debug\unit_headerpage.sbr
C:\Deepak\IAT Software Application 3 aug Current\x64\Debug\unit_indexpage.sbr
C:\Deepak\IAT Software Application 3 aug Current\x64\Debug\unit_table1.sbr
C:\Deepak\IAT Software Application 3 aug Current\x64\Debug\USB_Communication.sbr
C:\Deepak\IAT Software Application 3 aug Current\x64\Debug\UserAuthendication.sbr
C:\Deepak\IAT Software Application 3 aug Current\x64\Debug\VisualInspection.sbr
C:\Deepak\IAT Software Application 3 aug Current\x64\Debug\Visual_LCDPanelChecks.sbr
C:\Deepak\IAT Software Application 3 aug Current\x64\Debug\WndSlider.sbr
C:\Deepak\IAT Software Application 3 aug Current\x64\Debug\XComboList.sbr
C:\Deepak\IAT Software Application 3 aug Current\x64\Debug\XHeaderCtrl.sbr
C:\Deepak\IAT Software Application 3 aug Current\x64\Debug\XListCtrl.sbr
C:\Deepak\IAT Software Application 3 aug Current\x64\Debug\XTOutlookBar.sbr
C:\Deepak\IAT Software Application 3 aug Current\x64\Debug\XTPagerCtrl.sbr
