C:\PROJECTS\IAT\IAT SOFTWARE APPLICATION 31 AUG\X64\DEBUG\ATI_UT.BSC
C:\PROJECTS\IAT\IAT SOFTWARE APPLICATION 31 AUG\X64\DEBUG\CAPTIONBAR.OBJ
C:\PROJECTS\IAT\IAT SOFTWARE APPLICATION 31 AUG\X64\DEBUG\
C:\PROJECTS\IAT\IAT SOFTWARE APPLICATION 31 AUG\X64\DEBUG\CAPTIONVIEW.OBJ
C:\PROJECTS\IAT\IAT SOFTWARE APPLICATION 31 AUG\X64\DEBUG\CURSOR.OBJ
C:\PROJECTS\IAT\IAT SOFTWARE APPLICATION 31 AUG\X64\DEBUG\DEMOS.OBJ
C:\PROJECTS\IAT\IAT SOFTWARE APPLICATION 31 AUG\X64\DEBUG\MOUSE.OBJ
C:\PROJECTS\IAT\IAT SOFTWARE APPLICATION 31 AUG\X64\DEBUG\MYLISTVIEW.OBJ
C:\PROJECTS\IAT\IAT SOFTWARE APPLICATION 31 AUG\X64\DEBUG\PICTURE.OBJ
C:\PROJECTS\IAT\IAT SOFTWARE APPLICATION 31 AUG\X64\DEBUG\PICTURE1.OBJ
C:\PROJECTS\IAT\IAT SOFTWARE APPLICATION 31 AUG\X64\DEBUG\PLXINIT.OBJ
C:\PROJECTS\IAT\IAT SOFTWARE APPLICATION 31 AUG\X64\DEBUG\ROWCURSOR.OBJ
C:\PROJECTS\IAT\IAT SOFTWARE APPLICATION 31 AUG\X64\DEBUG\SCHEDULE.OBJ
C:\PROJECTS\IAT\IAT SOFTWARE APPLICATION 31 AUG\X64\DEBUG\STDAFX.OBJ
C:\PROJECTS\IAT\IAT SOFTWARE APPLICATION 31 AUG\X64\DEBUG\TESTTABLE.OBJ
C:\PROJECTS\IAT\IAT SOFTWARE APPLICATION 31 AUG\X64\DEBUG\UNIT_INDEXPAGE.OBJ
C:\PROJECTS\IAT\IAT SOFTWARE APPLICATION 31 AUG\X64\DEBUG\XCOMBOLIST.OBJ
C:\PROJECTS\IAT\IAT SOFTWARE APPLICATION 31 AUG\X64\DEBUG\XHEADERCTRL.OBJ
C:\PROJECTS\IAT\IAT SOFTWARE APPLICATION 31 AUG\X64\DEBUG\XLISTCTRL.OBJ
C:\PROJECTS\IAT\IAT SOFTWARE APPLICATION 31 AUG\X64\DEBUG\XTOUTLOOKBAR.OBJ
C:\PROJECTS\IAT\IAT SOFTWARE APPLICATION 31 AUG\X64\DEBUG\XTPAGERCTRL.OBJ
C:\PROJECTS\IAT\IAT SOFTWARE APPLICATION 31 AUG\X64\DEBUG\DLG_ISIS_ADUTEST.SBR
C:\PROJECTS\IAT\IAT SOFTWARE APPLICATION 31 AUG\X64\DEBUG\DLG_ISIS_ADUTEST.OBJ
C:\PROJECTS\IAT\IAT SOFTWARE APPLICATION 31 AUG\X64\DEBUG\HLPRFUNCS.SBR
C:\PROJECTS\IAT\IAT SOFTWARE APPLICATION 31 AUG\X64\DEBUG\HLPRFUNCS.OBJ
C:\PROJECTS\IAT\IAT SOFTWARE APPLICATION 31 AUG\X64\DEBUG\FORMEMPTY.SBR
C:\PROJECTS\IAT\IAT SOFTWARE APPLICATION 31 AUG\X64\DEBUG\FORMEMPTY.OBJ
C:\PROJECTS\IAT\IAT SOFTWARE APPLICATION 31 AUG\X64\DEBUG\HELPER.SBR
C:\PROJECTS\IAT\IAT SOFTWARE APPLICATION 31 AUG\X64\DEBUG\HELPER.OBJ
C:\PROJECTS\IAT\IAT SOFTWARE APPLICATION 31 AUG\X64\DEBUG\DLG_ISIS_PWR.SBR
C:\PROJECTS\IAT\IAT SOFTWARE APPLICATION 31 AUG\X64\DEBUG\DLG_ISIS_PWR.OBJ
C:\PROJECTS\IAT\IAT SOFTWARE APPLICATION 31 AUG\X64\DEBUG\GFX_PRINTUNIT.SBR
C:\PROJECTS\IAT\IAT SOFTWARE APPLICATION 31 AUG\X64\DEBUG\GFX_PRINTUNIT.OBJ
C:\PROJECTS\IAT\IAT SOFTWARE APPLICATION 31 AUG\X64\DEBUG\FONT.SBR
C:\PROJECTS\IAT\IAT SOFTWARE APPLICATION 31 AUG\X64\DEBUG\FONT.OBJ
C:\PROJECTS\IAT\IAT SOFTWARE APPLICATION 31 AUG\X64\DEBUG\GFX_PRINTJOB.SBR
C:\PROJECTS\IAT\IAT SOFTWARE APPLICATION 31 AUG\X64\DEBUG\GFX_PRINTJOB.OBJ
C:\PROJECTS\IAT\IAT SOFTWARE APPLICATION 31 AUG\X64\DEBUG\SIPU_SDU_GNDRIG.SBR
C:\PROJECTS\IAT\IAT SOFTWARE APPLICATION 31 AUG\X64\DEBUG\SIPU_SDU_GNDRIG.OBJ
C:\PROJECTS\IAT\IAT SOFTWARE APPLICATION 31 AUG\X64\DEBUG\SIPUPOWERONPAGE.SBR
C:\PROJECTS\IAT\IAT SOFTWARE APPLICATION 31 AUG\X64\DEBUG\SIPUPOWERONPAGE.OBJ
C:\PROJECTS\IAT\IAT SOFTWARE APPLICATION 31 AUG\X64\DEBUG\DIALOG_ADC_AIR2.SBR
C:\PROJECTS\IAT\IAT SOFTWARE APPLICATION 31 AUG\X64\DEBUG\DIALOG_ADC_AIR2.OBJ
C:\PROJECTS\IAT\IAT SOFTWARE APPLICATION 31 AUG\X64\DEBUG\DIALOG_SMFD_DISCRETE.SBR
C:\PROJECTS\IAT\IAT SOFTWARE APPLICATION 31 AUG\X64\DEBUG\DIALOG_SMFD_DISCRETE.OBJ
C:\PROJECTS\IAT\IAT SOFTWARE APPLICATION 31 AUG\X64\DEBUG\DATASTRUCT.SBR
C:\PROJECTS\IAT\IAT SOFTWARE APPLICATION 31 AUG\X64\DEBUG\DATASTRUCT.OBJ
C:\PROJECTS\IAT\IAT SOFTWARE APPLICATION 31 AUG\X64\DEBUG\DLG_ADC_PWR.SBR
C:\PROJECTS\IAT\IAT SOFTWARE APPLICATION 31 AUG\X64\DEBUG\DLG_ADC_PWR.OBJ
C:\PROJECTS\IAT\IAT SOFTWARE APPLICATION 31 AUG\X64\DEBUG\DIALOGSMFDAHRS.SBR
C:\PROJECTS\IAT\IAT SOFTWARE APPLICATION 31 AUG\X64\DEBUG\DIALOGSMFDAHRS.OBJ
C:\PROJECTS\IAT\IAT SOFTWARE APPLICATION 31 AUG\X64\DEBUG\DIALOG_SMFD_DISCRETE_RC.SBR
C:\PROJECTS\IAT\IAT SOFTWARE APPLICATION 31 AUG\X64\DEBUG\DIALOG_SMFD_DISCRETE_RC.OBJ
C:\PROJECTS\IAT\IAT SOFTWARE APPLICATION 31 AUG\X64\DEBUG\DIALOGSMFD_TACAN.SBR
C:\PROJECTS\IAT\IAT SOFTWARE APPLICATION 31 AUG\X64\DEBUG\DIALOGSMFD_TACAN.OBJ
C:\PROJECTS\IAT\IAT SOFTWARE APPLICATION 31 AUG\X64\DEBUG\DIALOG_VORTAC_PWR.SBR
C:\PROJECTS\IAT\IAT SOFTWARE APPLICATION 31 AUG\X64\DEBUG\DIALOG_VORTAC_PWR.OBJ
C:\PROJECTS\IAT\IAT SOFTWARE APPLICATION 31 AUG\X64\DEBUG\ARINC429.SBR
C:\PROJECTS\IAT\IAT SOFTWARE APPLICATION 31 AUG\X64\DEBUG\ARINC429.OBJ
C:\PROJECTS\IAT\IAT SOFTWARE APPLICATION 31 AUG\X64\DEBUG\DIALOG_ADC_MACHCHK.SBR
C:\PROJECTS\IAT\IAT SOFTWARE APPLICATION 31 AUG\X64\DEBUG\DIALOG_ADC_MACHCHK.OBJ
C:\PROJECTS\IAT\IAT SOFTWARE APPLICATION 31 AUG\X64\DEBUG\UNIT_TABLE1.SBR
C:\PROJECTS\IAT\IAT SOFTWARE APPLICATION 31 AUG\X64\DEBUG\UNIT_TABLE1.OBJ
C:\PROJECTS\IAT\IAT SOFTWARE APPLICATION 31 AUG\X64\DEBUG\DIALOGSMFD_ADC.SBR
C:\PROJECTS\IAT\IAT SOFTWARE APPLICATION 31 AUG\X64\DEBUG\DIALOGSMFD_ADC.OBJ
C:\PROJECTS\IAT\IAT SOFTWARE APPLICATION 31 AUG\X64\DEBUG\DIALOG_ISIS_NAVMODE.SBR
C:\PROJECTS\IAT\IAT SOFTWARE APPLICATION 31 AUG\X64\DEBUG\DIALOG_ISIS_NAVMODE.OBJ
C:\PROJECTS\IAT\IAT SOFTWARE APPLICATION 31 AUG\X64\DEBUG\DIALOG_ADC_ALTIRATE.SBR
C:\PROJECTS\IAT\IAT SOFTWARE APPLICATION 31 AUG\X64\DEBUG\DIALOG_ADC_ALTIRATE.OBJ
C:\PROJECTS\IAT\IAT SOFTWARE APPLICATION 31 AUG\X64\DEBUG\DIALOG_GPS_PWR.SBR
C:\PROJECTS\IAT\IAT SOFTWARE APPLICATION 31 AUG\X64\DEBUG\DIALOG_GPS_PWR.OBJ
C:\PROJECTS\IAT\IAT SOFTWARE APPLICATION 31 AUG\X64\DEBUG\CHANGEPASSWORD.SBR
C:\PROJECTS\IAT\IAT SOFTWARE APPLICATION 31 AUG\X64\DEBUG\CHANGEPASSWORD.OBJ
C:\PROJECTS\IAT\IAT SOFTWARE APPLICATION 31 AUG\X64\DEBUG\DIALOG_SMFD_TACAN_RC.SBR
C:\PROJECTS\IAT\IAT SOFTWARE APPLICATION 31 AUG\X64\DEBUG\DIALOG_SMFD_TACAN_RC.OBJ
C:\PROJECTS\IAT\IAT SOFTWARE APPLICATION 31 AUG\X64\DEBUG\DIALOG_ADC_FUNCHK.SBR
C:\PROJECTS\IAT\IAT SOFTWARE APPLICATION 31 AUG\X64\DEBUG\DIALOG_ADC_FUNCHK.OBJ
C:\PROJECTS\IAT\IAT SOFTWARE APPLICATION 31 AUG\X64\DEBUG\DIALOG_AHRS_QUALITYCHECKS.SBR
C:\PROJECTS\IAT\IAT SOFTWARE APPLICATION 31 AUG\X64\DEBUG\DIALOG_AHRS_QUALITYCHECKS.OBJ
C:\PROJECTS\IAT\IAT SOFTWARE APPLICATION 31 AUG\X64\DEBUG\DLG_ISIS_SWCHK.SBR
C:\PROJECTS\IAT\IAT SOFTWARE APPLICATION 31 AUG\X64\DEBUG\DLG_ISIS_SWCHK.OBJ
C:\PROJECTS\IAT\IAT SOFTWARE APPLICATION 31 AUG\X64\DEBUG\DIALOG_ADC_AIR1.SBR
C:\PROJECTS\IAT\IAT SOFTWARE APPLICATION 31 AUG\X64\DEBUG\DIALOG_ADC_AIR1.OBJ
C:\PROJECTS\IAT\IAT SOFTWARE APPLICATION 31 AUG\X64\DEBUG\DIALOG_SMFD_AHRS_RC.SBR
C:\PROJECTS\IAT\IAT SOFTWARE APPLICATION 31 AUG\X64\DEBUG\DIALOG_SMFD_AHRS_RC.OBJ
C:\PROJECTS\IAT\IAT SOFTWARE APPLICATION 31 AUG\X64\DEBUG\USERAUTHENDICATION.SBR
C:\PROJECTS\IAT\IAT SOFTWARE APPLICATION 31 AUG\X64\DEBUG\USERAUTHENDICATION.OBJ
C:\PROJECTS\IAT\IAT SOFTWARE APPLICATION 31 AUG\X64\DEBUG\ADDUSER.SBR
C:\PROJECTS\IAT\IAT SOFTWARE APPLICATION 31 AUG\X64\DEBUG\ADDUSER.OBJ
C:\PROJECTS\IAT\IAT SOFTWARE APPLICATION 31 AUG\X64\DEBUG\DIALOG_SMFD_VORILS.SBR
C:\PROJECTS\IAT\IAT SOFTWARE APPLICATION 31 AUG\X64\DEBUG\DIALOG_SMFD_VORILS.OBJ
C:\PROJECTS\IAT\IAT SOFTWARE APPLICATION 31 AUG\X64\DEBUG\DIALOG_ADC_ALTI2.SBR
C:\PROJECTS\IAT\IAT SOFTWARE APPLICATION 31 AUG\X64\DEBUG\DIALOG_ADC_ALTI2.OBJ
C:\PROJECTS\IAT\IAT SOFTWARE APPLICATION 31 AUG\X64\DEBUG\DIALOG_SMFD_PWR.SBR
C:\PROJECTS\IAT\IAT SOFTWARE APPLICATION 31 AUG\X64\DEBUG\DIALOG_SMFD_PWR.OBJ
C:\PROJECTS\IAT\IAT SOFTWARE APPLICATION 31 AUG\X64\DEBUG\UNIT_HEADERPAGE.SBR
C:\PROJECTS\IAT\IAT SOFTWARE APPLICATION 31 AUG\X64\DEBUG\UNIT_HEADERPAGE.OBJ
C:\PROJECTS\IAT\IAT SOFTWARE APPLICATION 31 AUG\X64\DEBUG\BENCHSELFTEST.SBR
C:\PROJECTS\IAT\IAT SOFTWARE APPLICATION 31 AUG\X64\DEBUG\BENCHSELFTEST.OBJ
C:\PROJECTS\IAT\IAT SOFTWARE APPLICATION 31 AUG\X64\DEBUG\DIALOG_SMFD_VORILS_RC.SBR
C:\PROJECTS\IAT\IAT SOFTWARE APPLICATION 31 AUG\X64\DEBUG\DIALOG_SMFD_VORILS_RC.OBJ
C:\PROJECTS\IAT\IAT SOFTWARE APPLICATION 31 AUG\X64\DEBUG\DIALOG_ADC_AIR3.SBR
C:\PROJECTS\IAT\IAT SOFTWARE APPLICATION 31 AUG\X64\DEBUG\DIALOG_ADC_AIR3.OBJ
C:\PROJECTS\IAT\IAT SOFTWARE APPLICATION 31 AUG\X64\DEBUG\DIALOG_AHRS_PWR.SBR
C:\PROJECTS\IAT\IAT SOFTWARE APPLICATION 31 AUG\X64\DEBUG\DIALOG_AHRS_PWR.OBJ
C:\PROJECTS\IAT\IAT SOFTWARE APPLICATION 31 AUG\X64\DEBUG\DIALOG_ADC_ALTI3.SBR
C:\PROJECTS\IAT\IAT SOFTWARE APPLICATION 31 AUG\X64\DEBUG\DIALOG_ADC_ALTI3.OBJ
C:\PROJECTS\IAT\IAT SOFTWARE APPLICATION 31 AUG\X64\DEBUG\DIALOG_SMFD_PWR_RC.SBR
C:\PROJECTS\IAT\IAT SOFTWARE APPLICATION 31 AUG\X64\DEBUG\DIALOG_SMFD_PWR_RC.OBJ
C:\PROJECTS\IAT\IAT SOFTWARE APPLICATION 31 AUG\X64\DEBUG\DIALOG_ADC_MACH2.SBR
C:\PROJECTS\IAT\IAT SOFTWARE APPLICATION 31 AUG\X64\DEBUG\DIALOG_ADC_MACH2.OBJ
C:\PROJECTS\IAT\IAT SOFTWARE APPLICATION 31 AUG\X64\DEBUG\DIALOG_SMFD_ADC_RC.SBR
C:\PROJECTS\IAT\IAT SOFTWARE APPLICATION 31 AUG\X64\DEBUG\DIALOG_SMFD_ADC_RC.OBJ
C:\PROJECTS\IAT\IAT SOFTWARE APPLICATION 31 AUG\X64\DEBUG\WNDSLIDER.SBR
C:\PROJECTS\IAT\IAT SOFTWARE APPLICATION 31 AUG\X64\DEBUG\WNDSLIDER.OBJ
C:\PROJECTS\IAT\IAT SOFTWARE APPLICATION 31 AUG\X64\DEBUG\SERIALPORT.SBR
C:\PROJECTS\IAT\IAT SOFTWARE APPLICATION 31 AUG\X64\DEBUG\SERIALPORT.OBJ
C:\PROJECTS\IAT\IAT SOFTWARE APPLICATION 31 AUG\X64\DEBUG\DIALOG_ISIS_IBIT.SBR
C:\PROJECTS\IAT\IAT SOFTWARE APPLICATION 31 AUG\X64\DEBUG\DIALOG_ISIS_IBIT.OBJ
C:\PROJECTS\IAT\IAT SOFTWARE APPLICATION 31 AUG\X64\DEBUG\DIALOG_SMFD_FC_FP4.SBR
C:\PROJECTS\IAT\IAT SOFTWARE APPLICATION 31 AUG\X64\DEBUG\DIALOG_SMFD_FC_FP4.OBJ
C:\PROJECTS\IAT\IAT SOFTWARE APPLICATION 31 AUG\X64\DEBUG\MESSAGEBOX_DLG.SBR
C:\PROJECTS\IAT\IAT SOFTWARE APPLICATION 31 AUG\X64\DEBUG\MESSAGEBOX_DLG.OBJ
C:\PROJECTS\IAT\IAT SOFTWARE APPLICATION 31 AUG\X64\DEBUG\DIALOG_GPS_DBINFO.SBR
C:\PROJECTS\IAT\IAT SOFTWARE APPLICATION 31 AUG\X64\DEBUG\DIALOG_GPS_DBINFO.OBJ
C:\PROJECTS\IAT\IAT SOFTWARE APPLICATION 31 AUG\X64\DEBUG\DIALOG_SMFD_FC_ANFTR.SBR
C:\PROJECTS\IAT\IAT SOFTWARE APPLICATION 31 AUG\X64\DEBUG\DIALOG_SMFD_FC_ANFTR.OBJ
C:\PROJECTS\IAT\IAT SOFTWARE APPLICATION 31 AUG\X64\DEBUG\DIALOG_SMFD_ANALOG.SBR
C:\PROJECTS\IAT\IAT SOFTWARE APPLICATION 31 AUG\X64\DEBUG\DIALOG_SMFD_ANALOG.OBJ
C:\PROJECTS\IAT\IAT SOFTWARE APPLICATION 31 AUG\X64\DEBUG\DIALOG_SMFD_VISUAL_RC.SBR
C:\PROJECTS\IAT\IAT SOFTWARE APPLICATION 31 AUG\X64\DEBUG\DIALOG_SMFD_VISUAL_RC.OBJ
C:\PROJECTS\IAT\IAT SOFTWARE APPLICATION 31 AUG\X64\DEBUG\SIPU_SDU_GNDRIGVIEW.SBR
C:\PROJECTS\IAT\IAT SOFTWARE APPLICATION 31 AUG\X64\DEBUG\SIPU_SDU_GNDRIGVIEW.OBJ
C:\PROJECTS\IAT\IAT SOFTWARE APPLICATION 31 AUG\X64\DEBUG\DIALOG_AHRS_VISUAL.SBR
C:\PROJECTS\IAT\IAT SOFTWARE APPLICATION 31 AUG\X64\DEBUG\DIALOG_AHRS_VISUAL.OBJ
C:\PROJECTS\IAT\IAT SOFTWARE APPLICATION 31 AUG\X64\DEBUG\DIALOG_SMFD_FC_ANGV.SBR
C:\PROJECTS\IAT\IAT SOFTWARE APPLICATION 31 AUG\X64\DEBUG\DIALOG_SMFD_FC_ANGV.OBJ
C:\PROJECTS\IAT\IAT SOFTWARE APPLICATION 31 AUG\X64\DEBUG\DIALOG_SMFD_ANALOG1_RC.SBR
C:\PROJECTS\IAT\IAT SOFTWARE APPLICATION 31 AUG\X64\DEBUG\DIALOG_SMFD_ANALOG1_RC.OBJ
C:\PROJECTS\IAT\IAT SOFTWARE APPLICATION 31 AUG\X64\DEBUG\DIALOG_SMFD_FC_ET.SBR
C:\PROJECTS\IAT\IAT SOFTWARE APPLICATION 31 AUG\X64\DEBUG\DIALOG_SMFD_FC_ET.OBJ
C:\PROJECTS\IAT\IAT SOFTWARE APPLICATION 31 AUG\X64\DEBUG\DIALOG_SMFD_FUEL_RC.SBR
C:\PROJECTS\IAT\IAT SOFTWARE APPLICATION 31 AUG\X64\DEBUG\DIALOG_SMFD_FUEL_RC.OBJ
C:\PROJECTS\IAT\IAT SOFTWARE APPLICATION 31 AUG\X64\DEBUG\MAINFRM.SBR
C:\PROJECTS\IAT\IAT SOFTWARE APPLICATION 31 AUG\X64\DEBUG\MAINFRM.OBJ
C:\PROJECTS\IAT\IAT SOFTWARE APPLICATION 31 AUG\X64\DEBUG\DIALOGSTOP.SBR
C:\PROJECTS\IAT\IAT SOFTWARE APPLICATION 31 AUG\X64\DEBUG\DIALOGSTOP.OBJ
C:\PROJECTS\IAT\IAT SOFTWARE APPLICATION 31 AUG\X64\DEBUG\DIALOG_SMFD_FC_ANBV.SBR
C:\PROJECTS\IAT\IAT SOFTWARE APPLICATION 31 AUG\X64\DEBUG\DIALOG_SMFD_FC_ANBV.OBJ
C:\PROJECTS\IAT\IAT SOFTWARE APPLICATION 31 AUG\X64\DEBUG\DIALOG_SMFD_GPS.SBR
C:\PROJECTS\IAT\IAT SOFTWARE APPLICATION 31 AUG\X64\DEBUG\DIALOG_SMFD_GPS.OBJ
C:\PROJECTS\IAT\IAT SOFTWARE APPLICATION 31 AUG\X64\DEBUG\DIALOG_SMFD_REV_RC.SBR
C:\PROJECTS\IAT\IAT SOFTWARE APPLICATION 31 AUG\X64\DEBUG\DIALOG_SMFD_REV_RC.OBJ
C:\PROJECTS\IAT\IAT SOFTWARE APPLICATION 31 AUG\X64\DEBUG\PROGRESSDLG.SBR
C:\PROJECTS\IAT\IAT SOFTWARE APPLICATION 31 AUG\X64\DEBUG\PROGRESSDLG.OBJ
C:\PROJECTS\IAT\IAT SOFTWARE APPLICATION 31 AUG\X64\DEBUG\DIALOG_GPS_VISUAL.SBR
C:\PROJECTS\IAT\IAT SOFTWARE APPLICATION 31 AUG\X64\DEBUG\DIALOG_GPS_VISUAL.OBJ
C:\PROJECTS\IAT\IAT SOFTWARE APPLICATION 31 AUG\X64\DEBUG\DIALOG_SMFD_FC_FP3.SBR
C:\PROJECTS\IAT\IAT SOFTWARE APPLICATION 31 AUG\X64\DEBUG\DIALOG_SMFD_FC_FP3.OBJ
C:\PROJECTS\IAT\IAT SOFTWARE APPLICATION 31 AUG\X64\DEBUG\DIALOG_SMFD_FUEL.SBR
C:\PROJECTS\IAT\IAT SOFTWARE APPLICATION 31 AUG\X64\DEBUG\DIALOG_SMFD_FUEL.OBJ
C:\PROJECTS\IAT\IAT SOFTWARE APPLICATION 31 AUG\X64\DEBUG\DIALOG_VORTAC_VISUAL.SBR
C:\PROJECTS\IAT\IAT SOFTWARE APPLICATION 31 AUG\X64\DEBUG\DIALOG_VORTAC_VISUAL.OBJ
C:\PROJECTS\IAT\IAT SOFTWARE APPLICATION 31 AUG\X64\DEBUG\DIALOG_SMFD_FC_ANRBP.SBR
C:\PROJECTS\IAT\IAT SOFTWARE APPLICATION 31 AUG\X64\DEBUG\DIALOG_SMFD_FC_ANRBP.OBJ
C:\PROJECTS\IAT\IAT SOFTWARE APPLICATION 31 AUG\X64\DEBUG\DIALOG_SMFD_ANALOG_RC.SBR
C:\PROJECTS\IAT\IAT SOFTWARE APPLICATION 31 AUG\X64\DEBUG\DIALOG_SMFD_ANALOG_RC.OBJ
C:\PROJECTS\IAT\IAT SOFTWARE APPLICATION 31 AUG\X64\DEBUG\CAPTIONLISTVIEW.SBR
C:\PROJECTS\IAT\IAT SOFTWARE APPLICATION 31 AUG\X64\DEBUG\CAPTIONLISTVIEW.OBJ
C:\PROJECTS\IAT\IAT SOFTWARE APPLICATION 31 AUG\X64\DEBUG\DIALOG_ADC_VISUAL.SBR
C:\PROJECTS\IAT\IAT SOFTWARE APPLICATION 31 AUG\X64\DEBUG\DIALOG_ADC_VISUAL.OBJ
C:\PROJECTS\IAT\IAT SOFTWARE APPLICATION 31 AUG\X64\DEBUG\DIALOG_SMFD_FC_ANEB.SBR
C:\PROJECTS\IAT\IAT SOFTWARE APPLICATION 31 AUG\X64\DEBUG\DIALOG_SMFD_FC_ANEB.OBJ
C:\PROJECTS\IAT\IAT SOFTWARE APPLICATION 31 AUG\X64\DEBUG\DIALOG_SMFD_SW.SBR
C:\PROJECTS\IAT\IAT SOFTWARE APPLICATION 31 AUG\X64\DEBUG\DIALOG_SMFD_SW.OBJ
C:\PROJECTS\IAT\IAT SOFTWARE APPLICATION 31 AUG\X64\DEBUG\DIALOG_SMFD_SW_RC.SBR
C:\PROJECTS\IAT\IAT SOFTWARE APPLICATION 31 AUG\X64\DEBUG\DIALOG_SMFD_SW_RC.OBJ
C:\PROJECTS\IAT\IAT SOFTWARE APPLICATION 31 AUG\X64\DEBUG\DIALOG_GPS_SYSINFO.SBR
C:\PROJECTS\IAT\IAT SOFTWARE APPLICATION 31 AUG\X64\DEBUG\DIALOG_GPS_SYSINFO.OBJ
C:\PROJECTS\IAT\IAT SOFTWARE APPLICATION 31 AUG\X64\DEBUG\DIALOG_SMFD_FC_ANLBP.SBR
C:\PROJECTS\IAT\IAT SOFTWARE APPLICATION 31 AUG\X64\DEBUG\DIALOG_SMFD_FC_ANLBP.OBJ
C:\PROJECTS\IAT\IAT SOFTWARE APPLICATION 31 AUG\X64\DEBUG\LED.SBR
C:\PROJECTS\IAT\IAT SOFTWARE APPLICATION 31 AUG\X64\DEBUG\LED.OBJ
C:\PROJECTS\IAT\IAT SOFTWARE APPLICATION 31 AUG\X64\DEBUG\DIALOG_SMFD_FC_ANFTL.SBR
C:\PROJECTS\IAT\IAT SOFTWARE APPLICATION 31 AUG\X64\DEBUG\DIALOG_SMFD_FC_ANFTL.OBJ
C:\PROJECTS\IAT\IAT SOFTWARE APPLICATION 31 AUG\X64\DEBUG\SIPU_SDU_GNDRIGDOC.SBR
C:\PROJECTS\IAT\IAT SOFTWARE APPLICATION 31 AUG\X64\DEBUG\SIPU_SDU_GNDRIGDOC.OBJ
C:\PROJECTS\IAT\IAT SOFTWARE APPLICATION 31 AUG\X64\DEBUG\DIALOG_ISIS_ALN.SBR
C:\PROJECTS\IAT\IAT SOFTWARE APPLICATION 31 AUG\X64\DEBUG\DIALOG_ISIS_ALN.OBJ
C:\PROJECTS\IAT\IAT SOFTWARE APPLICATION 31 AUG\X64\DEBUG\DIALOG_SMFD_FC_ATP.SBR
C:\PROJECTS\IAT\IAT SOFTWARE APPLICATION 31 AUG\X64\DEBUG\DIALOG_SMFD_FC_ATP.OBJ
C:\PROJECTS\IAT\IAT SOFTWARE APPLICATION 31 AUG\X64\DEBUG\DIALOG_SMFD_ANALOG2.SBR
C:\PROJECTS\IAT\IAT SOFTWARE APPLICATION 31 AUG\X64\DEBUG\DIALOG_SMFD_ANALOG2.OBJ
C:\PROJECTS\IAT\IAT SOFTWARE APPLICATION 31 AUG\X64\DEBUG\VISUALINSPECTION.SBR
C:\PROJECTS\IAT\IAT SOFTWARE APPLICATION 31 AUG\X64\DEBUG\VISUALINSPECTION.OBJ
C:\PROJECTS\IAT\IAT SOFTWARE APPLICATION 31 AUG\X64\DEBUG\DIALOG_SMFD_FC_ANES.SBR
C:\PROJECTS\IAT\IAT SOFTWARE APPLICATION 31 AUG\X64\DEBUG\DIALOG_SMFD_FC_ANES.OBJ
C:\PROJECTS\IAT\IAT SOFTWARE APPLICATION 31 AUG\X64\DEBUG\DIALOG_SMFD_VISUAL.SBR
C:\PROJECTS\IAT\IAT SOFTWARE APPLICATION 31 AUG\X64\DEBUG\DIALOG_SMFD_VISUAL.OBJ
C:\PROJECTS\IAT\IAT SOFTWARE APPLICATION 31 AUG\X64\DEBUG\DIALOG_SMFD_FC_ANCT.SBR
C:\PROJECTS\IAT\IAT SOFTWARE APPLICATION 31 AUG\X64\DEBUG\DIALOG_SMFD_FC_ANCT.OBJ
C:\PROJECTS\IAT\IAT SOFTWARE APPLICATION 31 AUG\X64\DEBUG\SPLACH.SBR
C:\PROJECTS\IAT\IAT SOFTWARE APPLICATION 31 AUG\X64\DEBUG\SPLACH.OBJ
C:\PROJECTS\IAT\IAT SOFTWARE APPLICATION 31 AUG\X64\DEBUG\DIALOG_SMFD_FC_HPE.SBR
C:\PROJECTS\IAT\IAT SOFTWARE APPLICATION 31 AUG\X64\DEBUG\DIALOG_SMFD_FC_HPE.OBJ
C:\PROJECTS\IAT\IAT SOFTWARE APPLICATION 31 AUG\X64\DEBUG\MYCEDITVIEW.SBR
C:\PROJECTS\IAT\IAT SOFTWARE APPLICATION 31 AUG\X64\DEBUG\MYCEDITVIEW.OBJ
C:\PROJECTS\IAT\IAT SOFTWARE APPLICATION 31 AUG\X64\DEBUG\DIALOG_ISIS_BRTCHK.SBR
C:\PROJECTS\IAT\IAT SOFTWARE APPLICATION 31 AUG\X64\DEBUG\DIALOG_ISIS_BRTCHK.OBJ
C:\PROJECTS\IAT\IAT SOFTWARE APPLICATION 31 AUG\X64\DEBUG\DIALOG_SMFD_FC_ETP.SBR
C:\PROJECTS\IAT\IAT SOFTWARE APPLICATION 31 AUG\X64\DEBUG\DIALOG_SMFD_FC_ETP.OBJ
C:\PROJECTS\IAT\IAT SOFTWARE APPLICATION 31 AUG\X64\DEBUG\DIALOG_SMFD_GPS_RC.SBR
C:\PROJECTS\IAT\IAT SOFTWARE APPLICATION 31 AUG\X64\DEBUG\DIALOG_SMFD_GPS_RC.OBJ
C:\PROJECTS\IAT\IAT SOFTWARE APPLICATION 31 AUG\X64\DEBUG\DLG_ISIS_AHRS.SBR
C:\PROJECTS\IAT\IAT SOFTWARE APPLICATION 31 AUG\X64\DEBUG\DLG_ISIS_AHRS.OBJ
C:\PROJECTS\IAT\IAT SOFTWARE APPLICATION 31 AUG\X64\DEBUG\DIALOG_SMFD_FC_ANGEOP.SBR
C:\PROJECTS\IAT\IAT SOFTWARE APPLICATION 31 AUG\X64\DEBUG\DIALOG_SMFD_FC_ANGEOP.OBJ
C:\PROJECTS\IAT\IAT SOFTWARE APPLICATION 31 AUG\X64\DEBUG\DIALOG_ADC_LEAK.SBR
C:\PROJECTS\IAT\IAT SOFTWARE APPLICATION 31 AUG\X64\DEBUG\DIALOG_ADC_LEAK.OBJ
C:\PROJECTS\IAT\IAT SOFTWARE APPLICATION 31 AUG\X64\DEBUG\DIALOG_SMFD_FC_ANCL.SBR
C:\PROJECTS\IAT\IAT SOFTWARE APPLICATION 31 AUG\X64\DEBUG\DIALOG_SMFD_FC_ANCL.OBJ
C:\PROJECTS\IAT\IAT SOFTWARE APPLICATION 31 AUG\X64\DEBUG\DIALOG_SMFD_FC_RTP.SBR
C:\PROJECTS\IAT\IAT SOFTWARE APPLICATION 31 AUG\X64\DEBUG\DIALOG_SMFD_FC_RTP.OBJ
C:\PROJECTS\IAT\IAT SOFTWARE APPLICATION 31 AUG\X64\DEBUG\DIALOG_SMFD_REV_PAGE.SBR
C:\PROJECTS\IAT\IAT SOFTWARE APPLICATION 31 AUG\X64\DEBUG\DIALOG_SMFD_REV_PAGE.OBJ
C:\PROJECTS\IAT\IAT SOFTWARE APPLICATION 31 AUG\X64\DEBUG\MYSPLITTERCLASS.SBR
C:\PROJECTS\IAT\IAT SOFTWARE APPLICATION 31 AUG\X64\DEBUG\MYSPLITTERCLASS.OBJ
C:\PROJECTS\IAT\IAT SOFTWARE APPLICATION 31 AUG\X64\DEBUG\GLOBALS.SBR
C:\PROJECTS\IAT\IAT SOFTWARE APPLICATION 31 AUG\X64\DEBUG\GLOBALS.OBJ
C:\PROJECTS\IAT\IAT SOFTWARE APPLICATION 31 AUG\X64\DEBUG\SELFTESTHEADERPAGE.SBR
C:\PROJECTS\IAT\IAT SOFTWARE APPLICATION 31 AUG\X64\DEBUG\SELFTESTHEADERPAGE.OBJ
C:\PROJECTS\IAT\IAT SOFTWARE APPLICATION 31 AUG\X64\DEBUG\UNIT_SELFTEST_TABLE.SBR
C:\PROJECTS\IAT\IAT SOFTWARE APPLICATION 31 AUG\X64\DEBUG\UNIT_SELFTEST_TABLE.OBJ
C:\PROJECTS\IAT\IAT SOFTWARE APPLICATION 31 AUG\X64\DEBUG\ATI_UT.EXE
C:\PROJECTS\IAT\IAT SOFTWARE APPLICATION 31 AUG\X64\DEBUG\ATI_UT.PDB
C:\PROJECTS\IAT\IAT SOFTWARE APPLICATION 31 AUG\X64\DEBUG\SIPU_SDU_GNDRIG.RES
C:\Projects\IAT\IAT Software Application 31 aug\x64\Debug\AddUser.obj
C:\Projects\IAT\IAT Software Application 31 aug\x64\Debug\Arinc429.obj
C:\Projects\IAT\IAT Software Application 31 aug\x64\Debug\BenchSelfTest.obj
C:\Projects\IAT\IAT Software Application 31 aug\x64\Debug\CaptionBar.obj
C:\Projects\IAT\IAT Software Application 31 aug\x64\Debug\CaptionListView.obj
C:\Projects\IAT\IAT Software Application 31 aug\x64\Debug\CaptionView.obj
C:\Projects\IAT\IAT Software Application 31 aug\x64\Debug\CHANGEPASSWORD.obj
C:\Projects\IAT\IAT Software Application 31 aug\x64\Debug\Cursor.obj
C:\Projects\IAT\IAT Software Application 31 aug\x64\Debug\DataStruct.obj
C:\Projects\IAT\IAT Software Application 31 aug\x64\Debug\demos.obj
C:\Projects\IAT\IAT Software Application 31 aug\x64\Debug\DialogSmfdAHRS.obj
C:\Projects\IAT\IAT Software Application 31 aug\x64\Debug\DialogSmfd_ADC.obj
C:\Projects\IAT\IAT Software Application 31 aug\x64\Debug\DialogSmfd_Tacan.obj
C:\Projects\IAT\IAT Software Application 31 aug\x64\Debug\DialogStop.obj
C:\Projects\IAT\IAT Software Application 31 aug\x64\Debug\Dialog_ADC_AIR1.obj
C:\Projects\IAT\IAT Software Application 31 aug\x64\Debug\Dialog_ADC_AIR2.obj
C:\Projects\IAT\IAT Software Application 31 aug\x64\Debug\Dialog_ADC_AIR3.obj
C:\Projects\IAT\IAT Software Application 31 aug\x64\Debug\Dialog_ADC_ALTI2.obj
C:\Projects\IAT\IAT Software Application 31 aug\x64\Debug\Dialog_ADC_ALTI3.obj
C:\Projects\IAT\IAT Software Application 31 aug\x64\Debug\Dialog_ADC_ALTIRATE.obj
C:\Projects\IAT\IAT Software Application 31 aug\x64\Debug\Dialog_ADC_FUNCHK.obj
C:\Projects\IAT\IAT Software Application 31 aug\x64\Debug\Dialog_ADC_LEAK.obj
C:\Projects\IAT\IAT Software Application 31 aug\x64\Debug\Dialog_ADC_MACH2.obj
C:\Projects\IAT\IAT Software Application 31 aug\x64\Debug\Dialog_ADC_MachCHK.obj
C:\Projects\IAT\IAT Software Application 31 aug\x64\Debug\Dialog_ADC_Visual.obj
C:\Projects\IAT\IAT Software Application 31 aug\x64\Debug\Dialog_AHRS_PWR.obj
C:\Projects\IAT\IAT Software Application 31 aug\x64\Debug\Dialog_AHRS_QualityChecks.obj
C:\Projects\IAT\IAT Software Application 31 aug\x64\Debug\Dialog_AHRS_VISUAL.obj
C:\Projects\IAT\IAT Software Application 31 aug\x64\Debug\Dialog_GPS_DBInfo.obj
C:\Projects\IAT\IAT Software Application 31 aug\x64\Debug\Dialog_GPS_PWR.obj
C:\Projects\IAT\IAT Software Application 31 aug\x64\Debug\Dialog_GPS_SYSINFO.obj
C:\Projects\IAT\IAT Software Application 31 aug\x64\Debug\Dialog_GPS_VISUAL.obj
C:\Projects\IAT\IAT Software Application 31 aug\x64\Debug\Dialog_ISIS_ALN.obj
C:\Projects\IAT\IAT Software Application 31 aug\x64\Debug\Dialog_ISIS_BRTCHK.obj
C:\Projects\IAT\IAT Software Application 31 aug\x64\Debug\Dialog_ISIS_IBIT.obj
C:\Projects\IAT\IAT Software Application 31 aug\x64\Debug\Dialog_ISIS_NAVMODE.obj
C:\Projects\IAT\IAT Software Application 31 aug\x64\Debug\Dialog_Smfd_Adc_RC.obj
C:\Projects\IAT\IAT Software Application 31 aug\x64\Debug\Dialog_Smfd_AHRS_RC.obj
C:\Projects\IAT\IAT Software Application 31 aug\x64\Debug\Dialog_Smfd_Analog.obj
C:\Projects\IAT\IAT Software Application 31 aug\x64\Debug\Dialog_Smfd_Analog1_RC.obj
C:\Projects\IAT\IAT Software Application 31 aug\x64\Debug\Dialog_Smfd_Analog2.obj
C:\Projects\IAT\IAT Software Application 31 aug\x64\Debug\Dialog_Smfd_Analog_RC.obj
C:\Projects\IAT\IAT Software Application 31 aug\x64\Debug\Dialog_Smfd_Discrete.obj
C:\Projects\IAT\IAT Software Application 31 aug\x64\Debug\Dialog_Smfd_Discrete_RC.obj
C:\Projects\IAT\IAT Software Application 31 aug\x64\Debug\Dialog_SMFD_FC_ANBV.obj
C:\Projects\IAT\IAT Software Application 31 aug\x64\Debug\Dialog_SMFD_FC_ANCL.obj
C:\Projects\IAT\IAT Software Application 31 aug\x64\Debug\Dialog_SMFD_FC_ANCT.obj
C:\Projects\IAT\IAT Software Application 31 aug\x64\Debug\Dialog_SMFD_FC_ANEB.obj
C:\Projects\IAT\IAT Software Application 31 aug\x64\Debug\Dialog_SMFD_FC_ANEOP.obj
C:\Projects\IAT\IAT Software Application 31 aug\x64\Debug\Dialog_SMFD_FC_ANES.obj
C:\Projects\IAT\IAT Software Application 31 aug\x64\Debug\Dialog_SMFD_FC_ANFTL.obj
C:\Projects\IAT\IAT Software Application 31 aug\x64\Debug\Dialog_SMFD_FC_ANFTR.obj
C:\Projects\IAT\IAT Software Application 31 aug\x64\Debug\dialog_smfd_fc_angeop.obj
C:\Projects\IAT\IAT Software Application 31 aug\x64\Debug\Dialog_SMFD_FC_ANGV.obj
C:\Projects\IAT\IAT Software Application 31 aug\x64\Debug\Dialog_SMFD_FC_ANLBP.obj
C:\Projects\IAT\IAT Software Application 31 aug\x64\Debug\Dialog_SMFD_FC_ANRBP.obj
C:\Projects\IAT\IAT Software Application 31 aug\x64\Debug\Dialog_SMFD_FC_ATP.obj
C:\Projects\IAT\IAT Software Application 31 aug\x64\Debug\Dialog_SMFD_FC_ET.obj
C:\Projects\IAT\IAT Software Application 31 aug\x64\Debug\Dialog_SMFD_FC_ETP.obj
C:\Projects\IAT\IAT Software Application 31 aug\x64\Debug\Dialog_SMFD_FC_FP3.obj
C:\Projects\IAT\IAT Software Application 31 aug\x64\Debug\Dialog_SMFD_FC_FP4.obj
C:\Projects\IAT\IAT Software Application 31 aug\x64\Debug\Dialog_SMFD_FC_HPE.obj
C:\Projects\IAT\IAT Software Application 31 aug\x64\Debug\Dialog_SMFD_FC_RTP.obj
C:\Projects\IAT\IAT Software Application 31 aug\x64\Debug\Dialog_Smfd_Fuel.obj
C:\Projects\IAT\IAT Software Application 31 aug\x64\Debug\Dialog_Smfd_Fuel_RC.obj
C:\Projects\IAT\IAT Software Application 31 aug\x64\Debug\Dialog_SMFD_GPS.obj
C:\Projects\IAT\IAT Software Application 31 aug\x64\Debug\Dialog_Smfd_Gps_RC.obj
C:\Projects\IAT\IAT Software Application 31 aug\x64\Debug\Dialog_SMFD_PWR.obj
C:\Projects\IAT\IAT Software Application 31 aug\x64\Debug\Dialog_Smfd_Pwr_RC.obj
C:\Projects\IAT\IAT Software Application 31 aug\x64\Debug\Dialog_Smfd_Rev_Page.obj
C:\Projects\IAT\IAT Software Application 31 aug\x64\Debug\Dialog_Smfd_Rev_RC.obj
C:\Projects\IAT\IAT Software Application 31 aug\x64\Debug\Dialog_SMFD_SW.obj
C:\Projects\IAT\IAT Software Application 31 aug\x64\Debug\Dialog_Smfd_Sw_RC.obj
C:\Projects\IAT\IAT Software Application 31 aug\x64\Debug\Dialog_Smfd_Tacan_RC.obj
C:\Projects\IAT\IAT Software Application 31 aug\x64\Debug\Dialog_Smfd_Visual.obj
C:\Projects\IAT\IAT Software Application 31 aug\x64\Debug\Dialog_Smfd_Visual_RC.obj
C:\Projects\IAT\IAT Software Application 31 aug\x64\Debug\Dialog_Smfd_VORILS.obj
C:\Projects\IAT\IAT Software Application 31 aug\x64\Debug\Dialog_Smfd_Vorils_RC.obj
C:\Projects\IAT\IAT Software Application 31 aug\x64\Debug\Dialog_VORTAC_PWR.obj
C:\Projects\IAT\IAT Software Application 31 aug\x64\Debug\Dialog_VORTAC_Visual.obj
C:\Projects\IAT\IAT Software Application 31 aug\x64\Debug\Dlg_ADC_PWR.obj
C:\Projects\IAT\IAT Software Application 31 aug\x64\Debug\Dlg_ISIS_ADUTest.obj
C:\Projects\IAT\IAT Software Application 31 aug\x64\Debug\Dlg_ISIS_AHRS.obj
C:\Projects\IAT\IAT Software Application 31 aug\x64\Debug\Dlg_ISIS_PWR.obj
C:\Projects\IAT\IAT Software Application 31 aug\x64\Debug\Dlg_ISIS_SWCHK.obj
C:\Projects\IAT\IAT Software Application 31 aug\x64\Debug\font.obj
C:\Projects\IAT\IAT Software Application 31 aug\x64\Debug\FormEmpty.obj
C:\Projects\IAT\IAT Software Application 31 aug\x64\Debug\gfx_printjob.obj
C:\Projects\IAT\IAT Software Application 31 aug\x64\Debug\gfx_printunit.obj
C:\Projects\IAT\IAT Software Application 31 aug\x64\Debug\Globals.obj
C:\Projects\IAT\IAT Software Application 31 aug\x64\Debug\helper.obj
C:\Projects\IAT\IAT Software Application 31 aug\x64\Debug\HlprFuncs.obj
C:\Projects\IAT\IAT Software Application 31 aug\x64\Debug\led.obj
C:\Projects\IAT\IAT Software Application 31 aug\x64\Debug\MainFrm.obj
C:\Projects\IAT\IAT Software Application 31 aug\x64\Debug\MessageBox_Dlg.obj
C:\Projects\IAT\IAT Software Application 31 aug\x64\Debug\Mouse.obj
C:\Projects\IAT\IAT Software Application 31 aug\x64\Debug\MyCEditView.obj
C:\Projects\IAT\IAT Software Application 31 aug\x64\Debug\MyListView.obj
C:\Projects\IAT\IAT Software Application 31 aug\x64\Debug\MySplitterClass.obj
C:\Projects\IAT\IAT Software Application 31 aug\x64\Debug\picture.obj
C:\Projects\IAT\IAT Software Application 31 aug\x64\Debug\Picture1.obj
C:\Projects\IAT\IAT Software Application 31 aug\x64\Debug\PlxInit.obj
C:\Projects\IAT\IAT Software Application 31 aug\x64\Debug\ProgressDlg.obj
C:\Projects\IAT\IAT Software Application 31 aug\x64\Debug\rowcursor.obj
C:\Projects\IAT\IAT Software Application 31 aug\x64\Debug\Schedule.obj
C:\Projects\IAT\IAT Software Application 31 aug\x64\Debug\SelfTestHeaderPage.obj
C:\Projects\IAT\IAT Software Application 31 aug\x64\Debug\SerialPort.obj
C:\Projects\IAT\IAT Software Application 31 aug\x64\Debug\SIPUPowerONPage.obj
C:\Projects\IAT\IAT Software Application 31 aug\x64\Debug\SIPU_SDU_GndRig.obj
C:\Projects\IAT\IAT Software Application 31 aug\x64\Debug\SIPU_SDU_GndRigDoc.obj
C:\Projects\IAT\IAT Software Application 31 aug\x64\Debug\SIPU_SDU_GndRigView.obj
C:\Projects\IAT\IAT Software Application 31 aug\x64\Debug\Splach.obj
C:\Projects\IAT\IAT Software Application 31 aug\x64\Debug\StdAfx.obj
C:\Projects\IAT\IAT Software Application 31 aug\x64\Debug\TestTable.obj
C:\Projects\IAT\IAT Software Application 31 aug\x64\Debug\unit_headerpage.obj
C:\Projects\IAT\IAT Software Application 31 aug\x64\Debug\unit_indexpage.obj
C:\Projects\IAT\IAT Software Application 31 aug\x64\Debug\unit_selftest_table.obj
C:\Projects\IAT\IAT Software Application 31 aug\x64\Debug\unit_table1.obj
C:\Projects\IAT\IAT Software Application 31 aug\x64\Debug\UserAuthendication.obj
C:\Projects\IAT\IAT Software Application 31 aug\x64\Debug\VisualInspection.obj
C:\Projects\IAT\IAT Software Application 31 aug\x64\Debug\WndSlider.obj
C:\Projects\IAT\IAT Software Application 31 aug\x64\Debug\XComboList.obj
C:\Projects\IAT\IAT Software Application 31 aug\x64\Debug\XHeaderCtrl.obj
C:\Projects\IAT\IAT Software Application 31 aug\x64\Debug\XListCtrl.obj
C:\Projects\IAT\IAT Software Application 31 aug\x64\Debug\XTOutlookBar.obj
C:\Projects\IAT\IAT Software Application 31 aug\x64\Debug\XTPagerCtrl.obj
C:\Projects\IAT\IAT Software Application 31 aug\x64\Debug\BscMake.command.1.tlog
C:\Projects\IAT\IAT Software Application 31 aug\x64\Debug\bscmake.read.1.tlog
C:\Projects\IAT\IAT Software Application 31 aug\x64\Debug\bscmake.write.1.tlog
C:\Projects\IAT\IAT Software Application 31 aug\x64\Debug\CL.11136.read.1.tlog
C:\Projects\IAT\IAT Software Application 31 aug\x64\Debug\CL.11136.write.1.tlog
C:\Projects\IAT\IAT Software Application 31 aug\x64\Debug\CL.1116.read.1.tlog
C:\Projects\IAT\IAT Software Application 31 aug\x64\Debug\CL.1116.write.1.tlog
C:\Projects\IAT\IAT Software Application 31 aug\x64\Debug\CL.11196.read.1.tlog
C:\Projects\IAT\IAT Software Application 31 aug\x64\Debug\CL.11196.write.1.tlog
C:\Projects\IAT\IAT Software Application 31 aug\x64\Debug\CL.11348.read.1.tlog
C:\Projects\IAT\IAT Software Application 31 aug\x64\Debug\CL.11348.write.1.tlog
C:\Projects\IAT\IAT Software Application 31 aug\x64\Debug\CL.11460.read.1.tlog
C:\Projects\IAT\IAT Software Application 31 aug\x64\Debug\CL.11460.write.1.tlog
C:\Projects\IAT\IAT Software Application 31 aug\x64\Debug\CL.11572.read.1.tlog
C:\Projects\IAT\IAT Software Application 31 aug\x64\Debug\CL.11572.write.1.tlog
C:\Projects\IAT\IAT Software Application 31 aug\x64\Debug\CL.12188.read.1.tlog
C:\Projects\IAT\IAT Software Application 31 aug\x64\Debug\CL.12188.write.1.tlog
C:\Projects\IAT\IAT Software Application 31 aug\x64\Debug\CL.12260.read.1.tlog
C:\Projects\IAT\IAT Software Application 31 aug\x64\Debug\CL.12260.write.1.tlog
C:\Projects\IAT\IAT Software Application 31 aug\x64\Debug\CL.12840.read.1.tlog
C:\Projects\IAT\IAT Software Application 31 aug\x64\Debug\CL.12840.write.1.tlog
C:\Projects\IAT\IAT Software Application 31 aug\x64\Debug\CL.13068.read.1.tlog
C:\Projects\IAT\IAT Software Application 31 aug\x64\Debug\CL.13068.write.1.tlog
C:\Projects\IAT\IAT Software Application 31 aug\x64\Debug\CL.13808.read.1.tlog
C:\Projects\IAT\IAT Software Application 31 aug\x64\Debug\CL.13808.write.1.tlog
C:\Projects\IAT\IAT Software Application 31 aug\x64\Debug\CL.13976.read.1.tlog
C:\Projects\IAT\IAT Software Application 31 aug\x64\Debug\CL.13976.write.1.tlog
C:\Projects\IAT\IAT Software Application 31 aug\x64\Debug\CL.14068.read.1.tlog
C:\Projects\IAT\IAT Software Application 31 aug\x64\Debug\CL.14068.write.1.tlog
C:\Projects\IAT\IAT Software Application 31 aug\x64\Debug\CL.14256.read.1.tlog
C:\Projects\IAT\IAT Software Application 31 aug\x64\Debug\CL.14256.write.1.tlog
C:\Projects\IAT\IAT Software Application 31 aug\x64\Debug\CL.14432.read.1.tlog
C:\Projects\IAT\IAT Software Application 31 aug\x64\Debug\CL.14432.write.1.tlog
C:\Projects\IAT\IAT Software Application 31 aug\x64\Debug\CL.15336.read.1.tlog
C:\Projects\IAT\IAT Software Application 31 aug\x64\Debug\CL.15336.write.1.tlog
C:\Projects\IAT\IAT Software Application 31 aug\x64\Debug\CL.15912.read.1.tlog
C:\Projects\IAT\IAT Software Application 31 aug\x64\Debug\CL.15912.write.1.tlog
C:\Projects\IAT\IAT Software Application 31 aug\x64\Debug\CL.16180.read.1.tlog
C:\Projects\IAT\IAT Software Application 31 aug\x64\Debug\CL.16180.write.1.tlog
C:\Projects\IAT\IAT Software Application 31 aug\x64\Debug\CL.16200.read.1.tlog
C:\Projects\IAT\IAT Software Application 31 aug\x64\Debug\CL.16200.write.1.tlog
C:\Projects\IAT\IAT Software Application 31 aug\x64\Debug\CL.16276.read.1.tlog
C:\Projects\IAT\IAT Software Application 31 aug\x64\Debug\CL.16276.write.1.tlog
C:\Projects\IAT\IAT Software Application 31 aug\x64\Debug\CL.1632.read.1.tlog
C:\Projects\IAT\IAT Software Application 31 aug\x64\Debug\CL.1632.write.1.tlog
C:\Projects\IAT\IAT Software Application 31 aug\x64\Debug\CL.16420.read.1.tlog
C:\Projects\IAT\IAT Software Application 31 aug\x64\Debug\CL.16420.write.1.tlog
C:\Projects\IAT\IAT Software Application 31 aug\x64\Debug\CL.16484.read.1.tlog
C:\Projects\IAT\IAT Software Application 31 aug\x64\Debug\CL.16484.write.1.tlog
C:\Projects\IAT\IAT Software Application 31 aug\x64\Debug\CL.16640.read.1.tlog
C:\Projects\IAT\IAT Software Application 31 aug\x64\Debug\CL.16640.write.1.tlog
C:\Projects\IAT\IAT Software Application 31 aug\x64\Debug\CL.17352.read.1.tlog
C:\Projects\IAT\IAT Software Application 31 aug\x64\Debug\CL.17352.write.1.tlog
C:\Projects\IAT\IAT Software Application 31 aug\x64\Debug\CL.17600.read.1.tlog
C:\Projects\IAT\IAT Software Application 31 aug\x64\Debug\CL.17600.write.1.tlog
C:\Projects\IAT\IAT Software Application 31 aug\x64\Debug\CL.17872.read.1.tlog
C:\Projects\IAT\IAT Software Application 31 aug\x64\Debug\CL.17872.write.1.tlog
C:\Projects\IAT\IAT Software Application 31 aug\x64\Debug\CL.18148.read.1.tlog
C:\Projects\IAT\IAT Software Application 31 aug\x64\Debug\CL.18148.write.1.tlog
C:\Projects\IAT\IAT Software Application 31 aug\x64\Debug\CL.18228.read.1.tlog
C:\Projects\IAT\IAT Software Application 31 aug\x64\Debug\CL.18228.write.1.tlog
C:\Projects\IAT\IAT Software Application 31 aug\x64\Debug\CL.18508.read.1.tlog
C:\Projects\IAT\IAT Software Application 31 aug\x64\Debug\CL.18508.write.1.tlog
C:\Projects\IAT\IAT Software Application 31 aug\x64\Debug\CL.19008.read.1.tlog
C:\Projects\IAT\IAT Software Application 31 aug\x64\Debug\CL.19008.write.1.tlog
C:\Projects\IAT\IAT Software Application 31 aug\x64\Debug\CL.19236.read.1.tlog
C:\Projects\IAT\IAT Software Application 31 aug\x64\Debug\CL.19236.write.1.tlog
C:\Projects\IAT\IAT Software Application 31 aug\x64\Debug\CL.19280.read.1.tlog
C:\Projects\IAT\IAT Software Application 31 aug\x64\Debug\CL.19280.write.1.tlog
C:\Projects\IAT\IAT Software Application 31 aug\x64\Debug\CL.19356.read.1.tlog
C:\Projects\IAT\IAT Software Application 31 aug\x64\Debug\CL.19356.write.1.tlog
C:\Projects\IAT\IAT Software Application 31 aug\x64\Debug\CL.19988.read.1.tlog
C:\Projects\IAT\IAT Software Application 31 aug\x64\Debug\CL.19988.write.1.tlog
C:\Projects\IAT\IAT Software Application 31 aug\x64\Debug\CL.20128.read.1.tlog
C:\Projects\IAT\IAT Software Application 31 aug\x64\Debug\CL.20128.write.1.tlog
C:\Projects\IAT\IAT Software Application 31 aug\x64\Debug\CL.20500.read.1.tlog
C:\Projects\IAT\IAT Software Application 31 aug\x64\Debug\CL.20500.write.1.tlog
C:\Projects\IAT\IAT Software Application 31 aug\x64\Debug\CL.20592.read.1.tlog
C:\Projects\IAT\IAT Software Application 31 aug\x64\Debug\CL.20592.write.1.tlog
C:\Projects\IAT\IAT Software Application 31 aug\x64\Debug\CL.2080.read.1.tlog
C:\Projects\IAT\IAT Software Application 31 aug\x64\Debug\CL.2080.write.1.tlog
C:\Projects\IAT\IAT Software Application 31 aug\x64\Debug\CL.21476.read.1.tlog
C:\Projects\IAT\IAT Software Application 31 aug\x64\Debug\CL.21476.write.1.tlog
C:\Projects\IAT\IAT Software Application 31 aug\x64\Debug\CL.21708.read.1.tlog
C:\Projects\IAT\IAT Software Application 31 aug\x64\Debug\CL.21708.write.1.tlog
C:\Projects\IAT\IAT Software Application 31 aug\x64\Debug\CL.22240.read.1.tlog
C:\Projects\IAT\IAT Software Application 31 aug\x64\Debug\CL.22240.write.1.tlog
C:\Projects\IAT\IAT Software Application 31 aug\x64\Debug\CL.22512.read.1.tlog
C:\Projects\IAT\IAT Software Application 31 aug\x64\Debug\CL.22512.write.1.tlog
C:\Projects\IAT\IAT Software Application 31 aug\x64\Debug\CL.23068.read.1.tlog
C:\Projects\IAT\IAT Software Application 31 aug\x64\Debug\CL.23068.write.1.tlog
C:\Projects\IAT\IAT Software Application 31 aug\x64\Debug\CL.23080.read.1.tlog
C:\Projects\IAT\IAT Software Application 31 aug\x64\Debug\CL.23080.write.1.tlog
C:\Projects\IAT\IAT Software Application 31 aug\x64\Debug\CL.23268.read.1.tlog
C:\Projects\IAT\IAT Software Application 31 aug\x64\Debug\CL.23268.write.1.tlog
C:\Projects\IAT\IAT Software Application 31 aug\x64\Debug\CL.23348.read.1.tlog
C:\Projects\IAT\IAT Software Application 31 aug\x64\Debug\CL.23348.write.1.tlog
C:\Projects\IAT\IAT Software Application 31 aug\x64\Debug\CL.23360.read.1.tlog
C:\Projects\IAT\IAT Software Application 31 aug\x64\Debug\CL.23360.write.1.tlog
C:\Projects\IAT\IAT Software Application 31 aug\x64\Debug\CL.23384.read.1.tlog
C:\Projects\IAT\IAT Software Application 31 aug\x64\Debug\CL.23384.write.1.tlog
C:\Projects\IAT\IAT Software Application 31 aug\x64\Debug\CL.23792.read.1.tlog
C:\Projects\IAT\IAT Software Application 31 aug\x64\Debug\CL.23792.write.1.tlog
C:\Projects\IAT\IAT Software Application 31 aug\x64\Debug\CL.23840.read.1.tlog
C:\Projects\IAT\IAT Software Application 31 aug\x64\Debug\CL.23840.write.1.tlog
C:\Projects\IAT\IAT Software Application 31 aug\x64\Debug\CL.23964.read.1.tlog
C:\Projects\IAT\IAT Software Application 31 aug\x64\Debug\CL.23964.write.1.tlog
C:\Projects\IAT\IAT Software Application 31 aug\x64\Debug\CL.25152.read.1.tlog
C:\Projects\IAT\IAT Software Application 31 aug\x64\Debug\CL.25152.write.1.tlog
C:\Projects\IAT\IAT Software Application 31 aug\x64\Debug\CL.25496.read.1.tlog
C:\Projects\IAT\IAT Software Application 31 aug\x64\Debug\CL.25496.write.1.tlog
C:\Projects\IAT\IAT Software Application 31 aug\x64\Debug\CL.25640.read.1.tlog
C:\Projects\IAT\IAT Software Application 31 aug\x64\Debug\CL.25640.write.1.tlog
C:\Projects\IAT\IAT Software Application 31 aug\x64\Debug\CL.25844.read.1.tlog
C:\Projects\IAT\IAT Software Application 31 aug\x64\Debug\CL.25844.write.1.tlog
C:\Projects\IAT\IAT Software Application 31 aug\x64\Debug\CL.26020.read.1.tlog
C:\Projects\IAT\IAT Software Application 31 aug\x64\Debug\CL.26020.write.1.tlog
C:\Projects\IAT\IAT Software Application 31 aug\x64\Debug\CL.26264.read.1.tlog
C:\Projects\IAT\IAT Software Application 31 aug\x64\Debug\CL.26264.write.1.tlog
C:\Projects\IAT\IAT Software Application 31 aug\x64\Debug\CL.27716.read.1.tlog
C:\Projects\IAT\IAT Software Application 31 aug\x64\Debug\CL.27716.write.1.tlog
C:\Projects\IAT\IAT Software Application 31 aug\x64\Debug\CL.27764.read.1.tlog
C:\Projects\IAT\IAT Software Application 31 aug\x64\Debug\CL.27764.write.1.tlog
C:\Projects\IAT\IAT Software Application 31 aug\x64\Debug\CL.27824.read.1.tlog
C:\Projects\IAT\IAT Software Application 31 aug\x64\Debug\CL.27824.write.1.tlog
C:\Projects\IAT\IAT Software Application 31 aug\x64\Debug\CL.28292.read.1.tlog
C:\Projects\IAT\IAT Software Application 31 aug\x64\Debug\CL.28292.write.1.tlog
C:\Projects\IAT\IAT Software Application 31 aug\x64\Debug\CL.28760.read.1.tlog
C:\Projects\IAT\IAT Software Application 31 aug\x64\Debug\CL.28760.write.1.tlog
C:\Projects\IAT\IAT Software Application 31 aug\x64\Debug\CL.28768.read.1.tlog
C:\Projects\IAT\IAT Software Application 31 aug\x64\Debug\CL.28768.write.1.tlog
C:\Projects\IAT\IAT Software Application 31 aug\x64\Debug\CL.28804.read.1.tlog
C:\Projects\IAT\IAT Software Application 31 aug\x64\Debug\CL.28804.write.1.tlog
C:\Projects\IAT\IAT Software Application 31 aug\x64\Debug\CL.28988.read.1.tlog
C:\Projects\IAT\IAT Software Application 31 aug\x64\Debug\CL.28988.write.1.tlog
C:\Projects\IAT\IAT Software Application 31 aug\x64\Debug\CL.29224.read.1.tlog
C:\Projects\IAT\IAT Software Application 31 aug\x64\Debug\CL.29224.write.1.tlog
C:\Projects\IAT\IAT Software Application 31 aug\x64\Debug\CL.29772.read.1.tlog
C:\Projects\IAT\IAT Software Application 31 aug\x64\Debug\CL.29772.write.1.tlog
C:\Projects\IAT\IAT Software Application 31 aug\x64\Debug\CL.30536.read.1.tlog
C:\Projects\IAT\IAT Software Application 31 aug\x64\Debug\CL.30536.write.1.tlog
C:\Projects\IAT\IAT Software Application 31 aug\x64\Debug\CL.31304.read.1.tlog
C:\Projects\IAT\IAT Software Application 31 aug\x64\Debug\CL.31304.write.1.tlog
C:\Projects\IAT\IAT Software Application 31 aug\x64\Debug\CL.31388.read.1.tlog
C:\Projects\IAT\IAT Software Application 31 aug\x64\Debug\CL.31388.write.1.tlog
C:\Projects\IAT\IAT Software Application 31 aug\x64\Debug\CL.32016.read.1.tlog
C:\Projects\IAT\IAT Software Application 31 aug\x64\Debug\CL.32016.write.1.tlog
C:\Projects\IAT\IAT Software Application 31 aug\x64\Debug\CL.32484.read.1.tlog
C:\Projects\IAT\IAT Software Application 31 aug\x64\Debug\CL.32484.write.1.tlog
C:\Projects\IAT\IAT Software Application 31 aug\x64\Debug\CL.3300.read.1.tlog
C:\Projects\IAT\IAT Software Application 31 aug\x64\Debug\CL.3300.write.1.tlog
C:\Projects\IAT\IAT Software Application 31 aug\x64\Debug\CL.33484.read.1.tlog
C:\Projects\IAT\IAT Software Application 31 aug\x64\Debug\CL.33484.write.1.tlog
C:\Projects\IAT\IAT Software Application 31 aug\x64\Debug\CL.33512.read.1.tlog
C:\Projects\IAT\IAT Software Application 31 aug\x64\Debug\CL.33512.write.1.tlog
C:\Projects\IAT\IAT Software Application 31 aug\x64\Debug\CL.33936.read.1.tlog
C:\Projects\IAT\IAT Software Application 31 aug\x64\Debug\CL.33936.write.1.tlog
C:\Projects\IAT\IAT Software Application 31 aug\x64\Debug\CL.34012.read.1.tlog
C:\Projects\IAT\IAT Software Application 31 aug\x64\Debug\CL.34012.write.1.tlog
C:\Projects\IAT\IAT Software Application 31 aug\x64\Debug\CL.34244.read.1.tlog
C:\Projects\IAT\IAT Software Application 31 aug\x64\Debug\CL.34244.write.1.tlog
C:\Projects\IAT\IAT Software Application 31 aug\x64\Debug\CL.35504.read.1.tlog
C:\Projects\IAT\IAT Software Application 31 aug\x64\Debug\CL.35504.write.1.tlog
C:\Projects\IAT\IAT Software Application 31 aug\x64\Debug\CL.36168.read.1.tlog
C:\Projects\IAT\IAT Software Application 31 aug\x64\Debug\CL.36168.write.1.tlog
C:\Projects\IAT\IAT Software Application 31 aug\x64\Debug\CL.36352.read.1.tlog
C:\Projects\IAT\IAT Software Application 31 aug\x64\Debug\CL.36352.write.1.tlog
C:\Projects\IAT\IAT Software Application 31 aug\x64\Debug\CL.36568.read.1.tlog
C:\Projects\IAT\IAT Software Application 31 aug\x64\Debug\CL.36568.write.1.tlog
C:\Projects\IAT\IAT Software Application 31 aug\x64\Debug\CL.36920.read.1.tlog
C:\Projects\IAT\IAT Software Application 31 aug\x64\Debug\CL.36920.write.1.tlog
C:\Projects\IAT\IAT Software Application 31 aug\x64\Debug\CL.37456.read.1.tlog
C:\Projects\IAT\IAT Software Application 31 aug\x64\Debug\CL.37456.write.1.tlog
C:\Projects\IAT\IAT Software Application 31 aug\x64\Debug\CL.37916.read.1.tlog
C:\Projects\IAT\IAT Software Application 31 aug\x64\Debug\CL.37916.write.1.tlog
C:\Projects\IAT\IAT Software Application 31 aug\x64\Debug\CL.38200.read.1.tlog
C:\Projects\IAT\IAT Software Application 31 aug\x64\Debug\CL.38200.write.1.tlog
C:\Projects\IAT\IAT Software Application 31 aug\x64\Debug\CL.39540.read.1.tlog
C:\Projects\IAT\IAT Software Application 31 aug\x64\Debug\CL.39540.write.1.tlog
C:\Projects\IAT\IAT Software Application 31 aug\x64\Debug\CL.39844.read.1.tlog
C:\Projects\IAT\IAT Software Application 31 aug\x64\Debug\CL.39844.write.1.tlog
C:\Projects\IAT\IAT Software Application 31 aug\x64\Debug\CL.40124.read.1.tlog
C:\Projects\IAT\IAT Software Application 31 aug\x64\Debug\CL.40124.write.1.tlog
C:\Projects\IAT\IAT Software Application 31 aug\x64\Debug\CL.40952.read.1.tlog
C:\Projects\IAT\IAT Software Application 31 aug\x64\Debug\CL.40952.write.1.tlog
C:\Projects\IAT\IAT Software Application 31 aug\x64\Debug\CL.41032.read.1.tlog
C:\Projects\IAT\IAT Software Application 31 aug\x64\Debug\CL.41032.write.1.tlog
C:\Projects\IAT\IAT Software Application 31 aug\x64\Debug\CL.41308.read.1.tlog
C:\Projects\IAT\IAT Software Application 31 aug\x64\Debug\CL.41308.write.1.tlog
C:\Projects\IAT\IAT Software Application 31 aug\x64\Debug\CL.41508.read.1.tlog
C:\Projects\IAT\IAT Software Application 31 aug\x64\Debug\CL.41508.write.1.tlog
C:\Projects\IAT\IAT Software Application 31 aug\x64\Debug\CL.42384.read.1.tlog
C:\Projects\IAT\IAT Software Application 31 aug\x64\Debug\CL.42384.write.1.tlog
C:\Projects\IAT\IAT Software Application 31 aug\x64\Debug\CL.42408.read.1.tlog
C:\Projects\IAT\IAT Software Application 31 aug\x64\Debug\CL.42408.write.1.tlog
C:\Projects\IAT\IAT Software Application 31 aug\x64\Debug\CL.42432.read.1.tlog
C:\Projects\IAT\IAT Software Application 31 aug\x64\Debug\CL.42432.write.1.tlog
C:\Projects\IAT\IAT Software Application 31 aug\x64\Debug\CL.42808.read.1.tlog
C:\Projects\IAT\IAT Software Application 31 aug\x64\Debug\CL.42808.write.1.tlog
C:\Projects\IAT\IAT Software Application 31 aug\x64\Debug\CL.4304.read.1.tlog
C:\Projects\IAT\IAT Software Application 31 aug\x64\Debug\CL.4304.write.1.tlog
C:\Projects\IAT\IAT Software Application 31 aug\x64\Debug\CL.43200.read.1.tlog
C:\Projects\IAT\IAT Software Application 31 aug\x64\Debug\CL.43200.write.1.tlog
C:\Projects\IAT\IAT Software Application 31 aug\x64\Debug\CL.43512.read.1.tlog
C:\Projects\IAT\IAT Software Application 31 aug\x64\Debug\CL.43512.write.1.tlog
C:\Projects\IAT\IAT Software Application 31 aug\x64\Debug\CL.44084.read.1.tlog
C:\Projects\IAT\IAT Software Application 31 aug\x64\Debug\CL.44084.write.1.tlog
C:\Projects\IAT\IAT Software Application 31 aug\x64\Debug\CL.44292.read.1.tlog
C:\Projects\IAT\IAT Software Application 31 aug\x64\Debug\CL.44292.write.1.tlog
C:\Projects\IAT\IAT Software Application 31 aug\x64\Debug\CL.44540.read.1.tlog
C:\Projects\IAT\IAT Software Application 31 aug\x64\Debug\CL.44540.write.1.tlog
C:\Projects\IAT\IAT Software Application 31 aug\x64\Debug\CL.44748.read.1.tlog
C:\Projects\IAT\IAT Software Application 31 aug\x64\Debug\CL.44748.write.1.tlog
C:\Projects\IAT\IAT Software Application 31 aug\x64\Debug\CL.44768.read.1.tlog
C:\Projects\IAT\IAT Software Application 31 aug\x64\Debug\CL.44768.write.1.tlog
C:\Projects\IAT\IAT Software Application 31 aug\x64\Debug\CL.45104.read.1.tlog
C:\Projects\IAT\IAT Software Application 31 aug\x64\Debug\CL.45104.write.1.tlog
C:\Projects\IAT\IAT Software Application 31 aug\x64\Debug\CL.45184.read.1.tlog
C:\Projects\IAT\IAT Software Application 31 aug\x64\Debug\CL.45184.write.1.tlog
C:\Projects\IAT\IAT Software Application 31 aug\x64\Debug\CL.45240.read.1.tlog
C:\Projects\IAT\IAT Software Application 31 aug\x64\Debug\CL.45240.write.1.tlog
C:\Projects\IAT\IAT Software Application 31 aug\x64\Debug\CL.45320.read.1.tlog
C:\Projects\IAT\IAT Software Application 31 aug\x64\Debug\CL.45320.write.1.tlog
C:\Projects\IAT\IAT Software Application 31 aug\x64\Debug\CL.45548.read.1.tlog
C:\Projects\IAT\IAT Software Application 31 aug\x64\Debug\CL.45548.write.1.tlog
C:\Projects\IAT\IAT Software Application 31 aug\x64\Debug\CL.45704.read.1.tlog
C:\Projects\IAT\IAT Software Application 31 aug\x64\Debug\CL.45704.write.1.tlog
C:\Projects\IAT\IAT Software Application 31 aug\x64\Debug\CL.45880.read.1.tlog
C:\Projects\IAT\IAT Software Application 31 aug\x64\Debug\CL.45880.write.1.tlog
C:\Projects\IAT\IAT Software Application 31 aug\x64\Debug\CL.45924.read.1.tlog
C:\Projects\IAT\IAT Software Application 31 aug\x64\Debug\CL.45924.write.1.tlog
C:\Projects\IAT\IAT Software Application 31 aug\x64\Debug\CL.46524.read.1.tlog
C:\Projects\IAT\IAT Software Application 31 aug\x64\Debug\CL.46524.write.1.tlog
C:\Projects\IAT\IAT Software Application 31 aug\x64\Debug\CL.46640.read.1.tlog
C:\Projects\IAT\IAT Software Application 31 aug\x64\Debug\CL.46640.write.1.tlog
C:\Projects\IAT\IAT Software Application 31 aug\x64\Debug\CL.4676.read.1.tlog
C:\Projects\IAT\IAT Software Application 31 aug\x64\Debug\CL.4676.write.1.tlog
C:\Projects\IAT\IAT Software Application 31 aug\x64\Debug\CL.6312.read.1.tlog
C:\Projects\IAT\IAT Software Application 31 aug\x64\Debug\CL.6312.write.1.tlog
C:\Projects\IAT\IAT Software Application 31 aug\x64\Debug\CL.6624.read.1.tlog
C:\Projects\IAT\IAT Software Application 31 aug\x64\Debug\CL.6624.write.1.tlog
C:\Projects\IAT\IAT Software Application 31 aug\x64\Debug\CL.7208.read.1.tlog
C:\Projects\IAT\IAT Software Application 31 aug\x64\Debug\CL.7208.write.1.tlog
C:\Projects\IAT\IAT Software Application 31 aug\x64\Debug\CL.7376.read.1.tlog
C:\Projects\IAT\IAT Software Application 31 aug\x64\Debug\CL.7376.write.1.tlog
C:\Projects\IAT\IAT Software Application 31 aug\x64\Debug\CL.7704.read.1.tlog
C:\Projects\IAT\IAT Software Application 31 aug\x64\Debug\CL.7704.write.1.tlog
C:\Projects\IAT\IAT Software Application 31 aug\x64\Debug\CL.8168.read.1.tlog
C:\Projects\IAT\IAT Software Application 31 aug\x64\Debug\CL.8168.write.1.tlog
C:\Projects\IAT\IAT Software Application 31 aug\x64\Debug\CL.8808.read.1.tlog
C:\Projects\IAT\IAT Software Application 31 aug\x64\Debug\CL.8808.write.1.tlog
C:\Projects\IAT\IAT Software Application 31 aug\x64\Debug\CL.9012.read.1.tlog
C:\Projects\IAT\IAT Software Application 31 aug\x64\Debug\CL.9012.write.1.tlog
C:\Projects\IAT\IAT Software Application 31 aug\x64\Debug\CL.9680.read.1.tlog
C:\Projects\IAT\IAT Software Application 31 aug\x64\Debug\CL.9680.write.1.tlog
C:\Projects\IAT\IAT Software Application 31 aug\x64\Debug\cl.command.1.tlog
C:\Projects\IAT\IAT Software Application 31 aug\x64\Debug\CL.read.1.tlog
C:\Projects\IAT\IAT Software Application 31 aug\x64\Debug\CL.read.10.tlog
C:\Projects\IAT\IAT Software Application 31 aug\x64\Debug\CL.read.11.tlog
C:\Projects\IAT\IAT Software Application 31 aug\x64\Debug\CL.read.12.tlog
C:\Projects\IAT\IAT Software Application 31 aug\x64\Debug\CL.read.13.tlog
C:\Projects\IAT\IAT Software Application 31 aug\x64\Debug\CL.read.14.tlog
C:\Projects\IAT\IAT Software Application 31 aug\x64\Debug\CL.read.15.tlog
C:\Projects\IAT\IAT Software Application 31 aug\x64\Debug\CL.read.16.tlog
C:\Projects\IAT\IAT Software Application 31 aug\x64\Debug\CL.read.2.tlog
C:\Projects\IAT\IAT Software Application 31 aug\x64\Debug\CL.read.3.tlog
C:\Projects\IAT\IAT Software Application 31 aug\x64\Debug\CL.read.4.tlog
C:\Projects\IAT\IAT Software Application 31 aug\x64\Debug\CL.read.5.tlog
C:\Projects\IAT\IAT Software Application 31 aug\x64\Debug\CL.read.6.tlog
C:\Projects\IAT\IAT Software Application 31 aug\x64\Debug\CL.read.7.tlog
C:\Projects\IAT\IAT Software Application 31 aug\x64\Debug\CL.read.8.tlog
C:\Projects\IAT\IAT Software Application 31 aug\x64\Debug\CL.read.9.tlog
C:\Projects\IAT\IAT Software Application 31 aug\x64\Debug\cl.write.1.tlog
C:\Projects\IAT\IAT Software Application 31 aug\x64\Debug\link-cvtres.read.1.tlog
C:\Projects\IAT\IAT Software Application 31 aug\x64\Debug\link-cvtres.write.1.tlog
C:\Projects\IAT\IAT Software Application 31 aug\x64\Debug\link-mt.read.1.tlog
C:\Projects\IAT\IAT Software Application 31 aug\x64\Debug\link-mt.write.1.tlog
C:\Projects\IAT\IAT Software Application 31 aug\x64\Debug\link-rc.read.1.tlog
C:\Projects\IAT\IAT Software Application 31 aug\x64\Debug\link-rc.write.1.tlog
C:\Projects\IAT\IAT Software Application 31 aug\x64\Debug\link.command.1.tlog
C:\Projects\IAT\IAT Software Application 31 aug\x64\Debug\link.read.1.tlog
C:\Projects\IAT\IAT Software Application 31 aug\x64\Debug\link.write.1.tlog
C:\Projects\IAT\IAT Software Application 31 aug\x64\Debug\rc.command.1.tlog
C:\Projects\IAT\IAT Software Application 31 aug\x64\Debug\rc.read.1.tlog
C:\Projects\IAT\IAT Software Application 31 aug\x64\Debug\rc.write.1.tlog
C:\Projects\IAT\IAT Software Application 31 aug\x64\Debug\SIPU_SDU_GndRig.res
C:\Projects\IAT\IAT Software Application 31 aug\x64\Debug\ATI_UT.pdb
C:\Projects\IAT\IAT Software Application 31 aug\x64\Debug\ATI_UT.bsc
C:\Projects\IAT\IAT Software Application 31 aug\x64\Debug\AddUser.sbr
C:\Projects\IAT\IAT Software Application 31 aug\x64\Debug\Arinc429.sbr
C:\Projects\IAT\IAT Software Application 31 aug\x64\Debug\BenchSelfTest.sbr
C:\Projects\IAT\IAT Software Application 31 aug\x64\Debug\CaptionBar.sbr
C:\Projects\IAT\IAT Software Application 31 aug\x64\Debug\CaptionListView.sbr
C:\Projects\IAT\IAT Software Application 31 aug\x64\Debug\CaptionView.sbr
C:\Projects\IAT\IAT Software Application 31 aug\x64\Debug\CHANGEPASSWORD.sbr
C:\Projects\IAT\IAT Software Application 31 aug\x64\Debug\Cursor.sbr
C:\Projects\IAT\IAT Software Application 31 aug\x64\Debug\DataStruct.sbr
C:\Projects\IAT\IAT Software Application 31 aug\x64\Debug\demos.sbr
C:\Projects\IAT\IAT Software Application 31 aug\x64\Debug\DialogSmfdAHRS.sbr
C:\Projects\IAT\IAT Software Application 31 aug\x64\Debug\DialogSmfd_ADC.sbr
C:\Projects\IAT\IAT Software Application 31 aug\x64\Debug\DialogSmfd_Tacan.sbr
C:\Projects\IAT\IAT Software Application 31 aug\x64\Debug\DialogStop.sbr
C:\Projects\IAT\IAT Software Application 31 aug\x64\Debug\Dialog_ADC_AIR1.sbr
C:\Projects\IAT\IAT Software Application 31 aug\x64\Debug\Dialog_ADC_AIR2.sbr
C:\Projects\IAT\IAT Software Application 31 aug\x64\Debug\Dialog_ADC_AIR3.sbr
C:\Projects\IAT\IAT Software Application 31 aug\x64\Debug\Dialog_ADC_ALTI2.sbr
C:\Projects\IAT\IAT Software Application 31 aug\x64\Debug\Dialog_ADC_ALTI3.sbr
C:\Projects\IAT\IAT Software Application 31 aug\x64\Debug\Dialog_ADC_ALTIRATE.sbr
C:\Projects\IAT\IAT Software Application 31 aug\x64\Debug\Dialog_ADC_FUNCHK.sbr
C:\Projects\IAT\IAT Software Application 31 aug\x64\Debug\Dialog_ADC_LEAK.sbr
C:\Projects\IAT\IAT Software Application 31 aug\x64\Debug\Dialog_ADC_MACH2.sbr
C:\Projects\IAT\IAT Software Application 31 aug\x64\Debug\Dialog_ADC_MachCHK.sbr
C:\Projects\IAT\IAT Software Application 31 aug\x64\Debug\Dialog_ADC_Visual.sbr
C:\Projects\IAT\IAT Software Application 31 aug\x64\Debug\Dialog_AHRS_PWR.sbr
C:\Projects\IAT\IAT Software Application 31 aug\x64\Debug\Dialog_AHRS_QualityChecks.sbr
C:\Projects\IAT\IAT Software Application 31 aug\x64\Debug\Dialog_AHRS_VISUAL.sbr
C:\Projects\IAT\IAT Software Application 31 aug\x64\Debug\Dialog_GPS_DBInfo.sbr
C:\Projects\IAT\IAT Software Application 31 aug\x64\Debug\Dialog_GPS_PWR.sbr
C:\Projects\IAT\IAT Software Application 31 aug\x64\Debug\Dialog_GPS_SYSINFO.sbr
C:\Projects\IAT\IAT Software Application 31 aug\x64\Debug\Dialog_GPS_VISUAL.sbr
C:\Projects\IAT\IAT Software Application 31 aug\x64\Debug\Dialog_ISIS_ALN.sbr
C:\Projects\IAT\IAT Software Application 31 aug\x64\Debug\Dialog_ISIS_BRTCHK.sbr
C:\Projects\IAT\IAT Software Application 31 aug\x64\Debug\Dialog_ISIS_IBIT.sbr
C:\Projects\IAT\IAT Software Application 31 aug\x64\Debug\Dialog_ISIS_NAVMODE.sbr
C:\Projects\IAT\IAT Software Application 31 aug\x64\Debug\Dialog_Smfd_Adc_RC.sbr
C:\Projects\IAT\IAT Software Application 31 aug\x64\Debug\Dialog_Smfd_AHRS_RC.sbr
C:\Projects\IAT\IAT Software Application 31 aug\x64\Debug\Dialog_Smfd_Analog.sbr
C:\Projects\IAT\IAT Software Application 31 aug\x64\Debug\Dialog_Smfd_Analog1_RC.sbr
C:\Projects\IAT\IAT Software Application 31 aug\x64\Debug\Dialog_Smfd_Analog2.sbr
C:\Projects\IAT\IAT Software Application 31 aug\x64\Debug\Dialog_Smfd_Analog_RC.sbr
C:\Projects\IAT\IAT Software Application 31 aug\x64\Debug\Dialog_Smfd_Discrete.sbr
C:\Projects\IAT\IAT Software Application 31 aug\x64\Debug\Dialog_Smfd_Discrete_RC.sbr
C:\Projects\IAT\IAT Software Application 31 aug\x64\Debug\Dialog_SMFD_FC_ANBV.sbr
C:\Projects\IAT\IAT Software Application 31 aug\x64\Debug\Dialog_SMFD_FC_ANCL.sbr
C:\Projects\IAT\IAT Software Application 31 aug\x64\Debug\Dialog_SMFD_FC_ANCT.sbr
C:\Projects\IAT\IAT Software Application 31 aug\x64\Debug\Dialog_SMFD_FC_ANEB.sbr
C:\Projects\IAT\IAT Software Application 31 aug\x64\Debug\Dialog_SMFD_FC_ANES.sbr
C:\Projects\IAT\IAT Software Application 31 aug\x64\Debug\Dialog_SMFD_FC_ANFTL.sbr
C:\Projects\IAT\IAT Software Application 31 aug\x64\Debug\Dialog_SMFD_FC_ANFTR.sbr
C:\Projects\IAT\IAT Software Application 31 aug\x64\Debug\dialog_smfd_fc_angeop.sbr
C:\Projects\IAT\IAT Software Application 31 aug\x64\Debug\Dialog_SMFD_FC_ANGV.sbr
C:\Projects\IAT\IAT Software Application 31 aug\x64\Debug\Dialog_SMFD_FC_ANLBP.sbr
C:\Projects\IAT\IAT Software Application 31 aug\x64\Debug\Dialog_SMFD_FC_ANRBP.sbr
C:\Projects\IAT\IAT Software Application 31 aug\x64\Debug\Dialog_SMFD_FC_ATP.sbr
C:\Projects\IAT\IAT Software Application 31 aug\x64\Debug\Dialog_SMFD_FC_ET.sbr
C:\Projects\IAT\IAT Software Application 31 aug\x64\Debug\Dialog_SMFD_FC_ETP.sbr
C:\Projects\IAT\IAT Software Application 31 aug\x64\Debug\Dialog_SMFD_FC_FP3.sbr
C:\Projects\IAT\IAT Software Application 31 aug\x64\Debug\Dialog_SMFD_FC_FP4.sbr
C:\Projects\IAT\IAT Software Application 31 aug\x64\Debug\Dialog_SMFD_FC_HPE.sbr
C:\Projects\IAT\IAT Software Application 31 aug\x64\Debug\Dialog_SMFD_FC_RTP.sbr
C:\Projects\IAT\IAT Software Application 31 aug\x64\Debug\Dialog_Smfd_Fuel.sbr
C:\Projects\IAT\IAT Software Application 31 aug\x64\Debug\Dialog_Smfd_Fuel_RC.sbr
C:\Projects\IAT\IAT Software Application 31 aug\x64\Debug\Dialog_SMFD_GPS.sbr
C:\Projects\IAT\IAT Software Application 31 aug\x64\Debug\Dialog_Smfd_Gps_RC.sbr
C:\Projects\IAT\IAT Software Application 31 aug\x64\Debug\Dialog_SMFD_PWR.sbr
C:\Projects\IAT\IAT Software Application 31 aug\x64\Debug\Dialog_Smfd_Pwr_RC.sbr
C:\Projects\IAT\IAT Software Application 31 aug\x64\Debug\Dialog_Smfd_Rev_Page.sbr
C:\Projects\IAT\IAT Software Application 31 aug\x64\Debug\Dialog_Smfd_Rev_RC.sbr
C:\Projects\IAT\IAT Software Application 31 aug\x64\Debug\Dialog_SMFD_SW.sbr
C:\Projects\IAT\IAT Software Application 31 aug\x64\Debug\Dialog_Smfd_Sw_RC.sbr
C:\Projects\IAT\IAT Software Application 31 aug\x64\Debug\Dialog_Smfd_Tacan_RC.sbr
C:\Projects\IAT\IAT Software Application 31 aug\x64\Debug\Dialog_Smfd_Visual.sbr
C:\Projects\IAT\IAT Software Application 31 aug\x64\Debug\Dialog_Smfd_Visual_RC.sbr
C:\Projects\IAT\IAT Software Application 31 aug\x64\Debug\Dialog_Smfd_VORILS.sbr
C:\Projects\IAT\IAT Software Application 31 aug\x64\Debug\Dialog_Smfd_Vorils_RC.sbr
C:\Projects\IAT\IAT Software Application 31 aug\x64\Debug\Dialog_VORTAC_PWR.sbr
C:\Projects\IAT\IAT Software Application 31 aug\x64\Debug\Dialog_VORTAC_Visual.sbr
C:\Projects\IAT\IAT Software Application 31 aug\x64\Debug\Dlg_ADC_PWR.sbr
C:\Projects\IAT\IAT Software Application 31 aug\x64\Debug\Dlg_ISIS_ADUTest.sbr
C:\Projects\IAT\IAT Software Application 31 aug\x64\Debug\Dlg_ISIS_AHRS.sbr
C:\Projects\IAT\IAT Software Application 31 aug\x64\Debug\Dlg_ISIS_PWR.sbr
C:\Projects\IAT\IAT Software Application 31 aug\x64\Debug\Dlg_ISIS_SWCHK.sbr
C:\Projects\IAT\IAT Software Application 31 aug\x64\Debug\font.sbr
C:\Projects\IAT\IAT Software Application 31 aug\x64\Debug\FormEmpty.sbr
C:\Projects\IAT\IAT Software Application 31 aug\x64\Debug\gfx_printjob.sbr
C:\Projects\IAT\IAT Software Application 31 aug\x64\Debug\gfx_printunit.sbr
C:\Projects\IAT\IAT Software Application 31 aug\x64\Debug\Globals.sbr
C:\Projects\IAT\IAT Software Application 31 aug\x64\Debug\helper.sbr
C:\Projects\IAT\IAT Software Application 31 aug\x64\Debug\HlprFuncs.sbr
C:\Projects\IAT\IAT Software Application 31 aug\x64\Debug\led.sbr
C:\Projects\IAT\IAT Software Application 31 aug\x64\Debug\MainFrm.sbr
C:\Projects\IAT\IAT Software Application 31 aug\x64\Debug\MessageBox_Dlg.sbr
C:\Projects\IAT\IAT Software Application 31 aug\x64\Debug\Mouse.sbr
C:\Projects\IAT\IAT Software Application 31 aug\x64\Debug\MyCEditView.sbr
C:\Projects\IAT\IAT Software Application 31 aug\x64\Debug\MyListView.sbr
C:\Projects\IAT\IAT Software Application 31 aug\x64\Debug\MySplitterClass.sbr
C:\Projects\IAT\IAT Software Application 31 aug\x64\Debug\picture.sbr
C:\Projects\IAT\IAT Software Application 31 aug\x64\Debug\Picture1.sbr
C:\Projects\IAT\IAT Software Application 31 aug\x64\Debug\PlxInit.sbr
C:\Projects\IAT\IAT Software Application 31 aug\x64\Debug\ProgressDlg.sbr
C:\Projects\IAT\IAT Software Application 31 aug\x64\Debug\rowcursor.sbr
C:\Projects\IAT\IAT Software Application 31 aug\x64\Debug\Schedule.sbr
C:\Projects\IAT\IAT Software Application 31 aug\x64\Debug\SelfTestHeaderPage.sbr
C:\Projects\IAT\IAT Software Application 31 aug\x64\Debug\SerialPort.sbr
C:\Projects\IAT\IAT Software Application 31 aug\x64\Debug\SIPUPowerONPage.sbr
C:\Projects\IAT\IAT Software Application 31 aug\x64\Debug\SIPU_SDU_GndRig.sbr
C:\Projects\IAT\IAT Software Application 31 aug\x64\Debug\SIPU_SDU_GndRigDoc.sbr
C:\Projects\IAT\IAT Software Application 31 aug\x64\Debug\SIPU_SDU_GndRigView.sbr
C:\Projects\IAT\IAT Software Application 31 aug\x64\Debug\Splach.sbr
C:\Projects\IAT\IAT Software Application 31 aug\x64\Debug\StdAfx.sbr
C:\Projects\IAT\IAT Software Application 31 aug\x64\Debug\TestTable.sbr
C:\Projects\IAT\IAT Software Application 31 aug\x64\Debug\unit_headerpage.sbr
C:\Projects\IAT\IAT Software Application 31 aug\x64\Debug\unit_indexpage.sbr
C:\Projects\IAT\IAT Software Application 31 aug\x64\Debug\unit_selftest_table.sbr
C:\Projects\IAT\IAT Software Application 31 aug\x64\Debug\unit_table1.sbr
C:\Projects\IAT\IAT Software Application 31 aug\x64\Debug\UserAuthendication.sbr
C:\Projects\IAT\IAT Software Application 31 aug\x64\Debug\VisualInspection.sbr
C:\Projects\IAT\IAT Software Application 31 aug\x64\Debug\WndSlider.sbr
C:\Projects\IAT\IAT Software Application 31 aug\x64\Debug\XComboList.sbr
C:\Projects\IAT\IAT Software Application 31 aug\x64\Debug\XHeaderCtrl.sbr
C:\Projects\IAT\IAT Software Application 31 aug\x64\Debug\XListCtrl.sbr
C:\Projects\IAT\IAT Software Application 31 aug\x64\Debug\XTOutlookBar.sbr
C:\Projects\IAT\IAT Software Application 31 aug\x64\Debug\XTPagerCtrl.sbr
C:\Projects\IAT\IAT Software Application 31 aug\x64\Debug\ATI_UT.exe
