C:\ADARSH\ISIS_UT_TSQ_1V00_06_06_19\RELEASE\DU_PITCH_30NEV.OBJ
C:\ADARSH\ISIS_UT_TSQ_1V00_06_06_19\RELEASE\DU_PITCH_0POS.OBJ
C:\ADARSH\ISIS_UT_TSQ_1V00_06_06_19\RELEASE\DU_MODE_PAGE.OBJ
C:\ADARSH\ISIS_UT_TSQ_1V00_06_06_19\RELEASE\DU_IBIT_TEST.OBJ
C:\ADARSH\ISIS_UT_TSQ_1V00_06_06_19\RELEASE\DU_COLOR_PAGE.OBJ
C:\ADARSH\ISIS_UT_TSQ_1V00_06_06_19\RELEASE\DU_CBIT_TEST.OBJ
C:\ADARSH\ISIS_UT_TSQ_1V00_06_06_19\RELEASE\CURSOR.OBJ
C:\ADARSH\ISIS_UT_TSQ_1V00_06_06_19\RELEASE\CAPTIONVIEW.OBJ
C:\ADARSH\ISIS_UT_TSQ_1V00_06_06_19\RELEASE\CAPTIONLISTVIEW.OBJ
C:\ADARSH\ISIS_UT_TSQ_1V00_06_06_19\RELEASE\CAPTIONBAR.OBJ
C:\ADARSH\ISIS_UT_TSQ_1V00_06_06_19\RELEASE\CHANGEPASSWORD.OBJ
C:\ADARSH\ISIS_UT_TSQ_1V00_06_06_19\RELEASE\BONDING_INSULATION_DLG.OBJ
C:\ADARSH\ISIS_UT_TSQ_1V00_06_06_19\RELEASE\BEZEL_SENSORMIN.OBJ
C:\ADARSH\ISIS_UT_TSQ_1V00_06_06_19\RELEASE\BEZEL_SENSORMAX.OBJ
C:\ADARSH\ISIS_UT_TSQ_1V00_06_06_19\RELEASE\BEZEL_SELFTEST.OBJ
C:\ADARSH\ISIS_UT_TSQ_1V00_06_06_19\RELEASE\BEZEL_5VAC.OBJ
C:\ADARSH\ISIS_UT_TSQ_1V00_06_06_19\RELEASE\BEZELKEYTEST.OBJ
C:\ADARSH\ISIS_UT_TSQ_1V00_06_06_19\RELEASE\BEZ_5VDC.OBJ
C:\ADARSH\ISIS_UT_TSQ_1V00_06_06_19\RELEASE\BENCHSELFTEST.OBJ
C:\ADARSH\ISIS_UT_TSQ_1V00_06_06_19\RELEASE\ADDUSER.OBJ
C:\ADARSH\ISIS_UT_TSQ_1V00_06_06_19\RELEASE\DU_SHOP_PAGE.OBJ
C:\ADARSH\ISIS_UT_TSQ_1V00_06_06_19\RELEASE\DU_RWR_PAGE.OBJ
C:\ADARSH\ISIS_UT_TSQ_1V00_06_06_19\RELEASE\DU_ROLL_90POS.OBJ
C:\ADARSH\ISIS_UT_TSQ_1V00_06_06_19\RELEASE\DU_ROLL_90NEV.OBJ
C:\ADARSH\ISIS_UT_TSQ_1V00_06_06_19\RELEASE\DU_ROLL_45POS.OBJ
C:\ADARSH\ISIS_UT_TSQ_1V00_06_06_19\RELEASE\DU_ROLL_45NEV.OBJ
C:\ADARSH\ISIS_UT_TSQ_1V00_06_06_19\RELEASE\DU_ROLL_180POS.OBJ
C:\ADARSH\ISIS_UT_TSQ_1V00_06_06_19\RELEASE\DU_ROLL_180NEV.OBJ
C:\ADARSH\ISIS_UT_TSQ_1V00_06_06_19\RELEASE\DU_ROLL_135POS.OBJ
C:\ADARSH\ISIS_UT_TSQ_1V00_06_06_19\RELEASE\DU_ROLL_135NEV.OBJ
C:\ADARSH\ISIS_UT_TSQ_1V00_06_06_19\RELEASE\DU_ROLL_0POS.OBJ
C:\ADARSH\ISIS_UT_TSQ_1V00_06_06_19\RELEASE\DU_ROLL_0NEV.OBJ
C:\ADARSH\ISIS_UT_TSQ_1V00_06_06_19\RELEASE\DU_RADAR_PAGE.OBJ
C:\ADARSH\ISIS_UT_TSQ_1V00_06_06_19\RELEASE\DU_PRG_PAGE.OBJ
C:\ADARSH\ISIS_UT_TSQ_1V00_06_06_19\RELEASE\DU_POST_TEST.OBJ
C:\ADARSH\ISIS_UT_TSQ_1V00_06_06_19\RELEASE\DU_PITCH_90NEV.OBJ
C:\ADARSH\ISIS_UT_TSQ_1V00_06_06_19\RELEASE\DU_PITCH_80POS.OBJ
C:\ADARSH\ISIS_UT_TSQ_1V00_06_06_19\RELEASE\DU_PITCH_60POS.OBJ
C:\ADARSH\ISIS_UT_TSQ_1V00_06_06_19\RELEASE\DU_PITCH_60NEV.OBJ
C:\ADARSH\ISIS_UT_TSQ_1V00_06_06_19\RELEASE\DU_PITCH_30POS.OBJ
C:\ADARSH\ISIS_UT_TSQ_1V00_06_06_19\RELEASE\OPTICAL_CONTRAST_WHITE.OBJ
C:\ADARSH\ISIS_UT_TSQ_1V00_06_06_19\RELEASE\OPTICAL_CONTRAST_RATIO.OBJ
C:\ADARSH\ISIS_UT_TSQ_1V00_06_06_19\RELEASE\OPTICAL_CHROMATICITY_NIGHT.OBJ
C:\ADARSH\ISIS_UT_TSQ_1V00_06_06_19\RELEASE\OPTICAL_CHROMATICITY_DAY.OBJ
C:\ADARSH\ISIS_UT_TSQ_1V00_06_06_19\RELEASE\OPTICAL_BRT_NONUNIFORMITY.OBJ
C:\ADARSH\ISIS_UT_TSQ_1V00_06_06_19\RELEASE\OPTICAL_BRT_NIGHT.OBJ
C:\ADARSH\ISIS_UT_TSQ_1V00_06_06_19\RELEASE\OPTICAL_BRT_DAY.OBJ
C:\ADARSH\ISIS_UT_TSQ_1V00_06_06_19\RELEASE\MYSPLITTERCLASS.OBJ
C:\ADARSH\ISIS_UT_TSQ_1V00_06_06_19\RELEASE\MYLISTVIEW.OBJ
C:\ADARSH\ISIS_UT_TSQ_1V00_06_06_19\RELEASE\MYCEDITVIEW.OBJ
C:\ADARSH\ISIS_UT_TSQ_1V00_06_06_19\RELEASE\MOUSE.OBJ
C:\ADARSH\ISIS_UT_TSQ_1V00_06_06_19\RELEASE\MESSAGEBOX_DLG.OBJ
C:\ADARSH\ISIS_UT_TSQ_1V00_06_06_19\RELEASE\MECHANICAL_TEST_DLG.OBJ
C:\ADARSH\ISIS_UT_TSQ_1V00_06_06_19\RELEASE\MAINFRM.OBJ
C:\ADARSH\ISIS_UT_TSQ_1V00_06_06_19\RELEASE\MIL1553B_COMMUNICATION.OBJ
C:\ADARSH\ISIS_UT_TSQ_1V00_06_06_19\RELEASE\HLPRFUNCS.OBJ
C:\ADARSH\ISIS_UT_TSQ_1V00_06_06_19\RELEASE\HI6131.OBJ
C:\ADARSH\ISIS_UT_TSQ_1V00_06_06_19\RELEASE\FORMEMPTY.OBJ
C:\ADARSH\ISIS_UT_TSQ_1V00_06_06_19\RELEASE\ETHERNET_COMMUNICATION.OBJ
C:\ADARSH\ISIS_UT_TSQ_1V00_06_06_19\RELEASE\DATASTRUCT.OBJ
C:\ADARSH\ISIS_UT_TSQ_1V00_06_06_19\RELEASE\VISUAL_LCDPANELCHECKS.OBJ
C:\ADARSH\ISIS_UT_TSQ_1V00_06_06_19\RELEASE\VISUALINSPECTION.OBJ
C:\ADARSH\ISIS_UT_TSQ_1V00_06_06_19\RELEASE\USERAUTHENDICATION.OBJ
C:\ADARSH\ISIS_UT_TSQ_1V00_06_06_19\RELEASE\USB_COMMUNICATION.OBJ
C:\ADARSH\ISIS_UT_TSQ_1V00_06_06_19\RELEASE\STDAFX.OBJ
C:\ADARSH\ISIS_UT_TSQ_1V00_06_06_19\RELEASE\SPLACH.OBJ
C:\ADARSH\ISIS_UT_TSQ_1V00_06_06_19\RELEASE\SERIALPORT.OBJ
C:\ADARSH\ISIS_UT_TSQ_1V00_06_06_19\RELEASE\SCHEDULE.OBJ
C:\ADARSH\ISIS_UT_TSQ_1V00_06_06_19\RELEASE\SIPU_SDU_GNDRIGVIEW.OBJ
C:\ADARSH\ISIS_UT_TSQ_1V00_06_06_19\RELEASE\SIPU_SDU_GNDRIGDOC.OBJ
C:\ADARSH\ISIS_UT_TSQ_1V00_06_06_19\RELEASE\SIPU_SDU_GNDRIG.OBJ
C:\ADARSH\ISIS_UT_TSQ_1V00_06_06_19\RELEASE\SIPUPOWERONPAGE.OBJ
C:\ADARSH\ISIS_UT_TSQ_1V00_06_06_19\RELEASE\RS422_PORT2.OBJ
C:\ADARSH\ISIS_UT_TSQ_1V00_06_06_19\RELEASE\RS422_PORT1.OBJ
C:\ADARSH\ISIS_UT_TSQ_1V00_06_06_19\RELEASE\POWER_DAY.OBJ
C:\ADARSH\ISIS_UT_TSQ_1V00_06_06_19\RELEASE\POWERINTERRUPTION.OBJ
C:\ADARSH\ISIS_UT_TSQ_1V00_06_06_19\RELEASE\PLXINIT.OBJ
C:\ADARSH\ISIS_UT_TSQ_1V00_06_06_19\RELEASE\PICTURE1.OBJ
C:\ADARSH\ISIS_UT_TSQ_1V00_06_06_19\RELEASE\OPTICAL_PIXEL_DEFECT.OBJ
C:\ADARSH\ISIS_UT_TSQ_1V00_06_06_19\RELEASE\OPTICAL_DISPLAY_AREA.OBJ
C:\ADARSH\ISIS_UT_TSQ_1V00_06_06_19\RELEASE\UNIT_TABLE1.OBJ
C:\ADARSH\ISIS_UT_TSQ_1V00_06_06_19\RELEASE\UNIT_INDEXPAGE.OBJ
C:\ADARSH\ISIS_UT_TSQ_1V00_06_06_19\RELEASE\UNIT_HEADERPAGE.OBJ
C:\ADARSH\ISIS_UT_TSQ_1V00_06_06_19\RELEASE\ROWCURSOR.OBJ
C:\ADARSH\ISIS_UT_TSQ_1V00_06_06_19\RELEASE\PICTURE.OBJ
C:\ADARSH\ISIS_UT_TSQ_1V00_06_06_19\RELEASE\LED.OBJ
C:\ADARSH\ISIS_UT_TSQ_1V00_06_06_19\RELEASE\HELPER.OBJ
C:\ADARSH\ISIS_UT_TSQ_1V00_06_06_19\RELEASE\GFX_PRINTUNIT.OBJ
C:\ADARSH\ISIS_UT_TSQ_1V00_06_06_19\RELEASE\GFX_PRINTJOB.OBJ
C:\ADARSH\ISIS_UT_TSQ_1V00_06_06_19\RELEASE\FONT.OBJ
C:\ADARSH\ISIS_UT_TSQ_1V00_06_06_19\RELEASE\DEMOS.OBJ
C:\ADARSH\ISIS_UT_TSQ_1V00_06_06_19\RELEASE\XTPAGERCTRL.OBJ
C:\ADARSH\ISIS_UT_TSQ_1V00_06_06_19\RELEASE\XTOUTLOOKBAR.OBJ
C:\ADARSH\ISIS_UT_TSQ_1V00_06_06_19\RELEASE\XLISTCTRL.OBJ
C:\ADARSH\ISIS_UT_TSQ_1V00_06_06_19\RELEASE\XHEADERCTRL.OBJ
C:\ADARSH\ISIS_UT_TSQ_1V00_06_06_19\RELEASE\XCOMBOLIST.OBJ
C:\ADARSH\ISIS_UT_TSQ_1V00_06_06_19\RELEASE\WNDSLIDER.OBJ
C:\ADARSH\ISIS_UT_TSQ_1V00_06_06_19\RELEASE\VC110.PDB
C:\PUSHPENDRA\ISIS\ISIS_UT_TSQ_1V00_06_06_19\RELEASE\DU_PITCH_30NEV.OBJ
C:\PUSHPENDRA\ISIS\ISIS_UT_TSQ_1V00_06_06_19\RELEASE\DU_PITCH_0POS.OBJ
C:\PUSHPENDRA\ISIS\ISIS_UT_TSQ_1V00_06_06_19\RELEASE\DU_MODE_PAGE.OBJ
C:\PUSHPENDRA\ISIS\ISIS_UT_TSQ_1V00_06_06_19\RELEASE\DU_IBIT_TEST.OBJ
C:\PUSHPENDRA\ISIS\ISIS_UT_TSQ_1V00_06_06_19\RELEASE\DU_COLOR_PAGE.OBJ
C:\PUSHPENDRA\ISIS\ISIS_UT_TSQ_1V00_06_06_19\RELEASE\DU_CBIT_TEST.OBJ
C:\PUSHPENDRA\ISIS\ISIS_UT_TSQ_1V00_06_06_19\RELEASE\CURSOR.OBJ
C:\PUSHPENDRA\ISIS\ISIS_UT_TSQ_1V00_06_06_19\RELEASE\CAPTIONVIEW.OBJ
C:\PUSHPENDRA\ISIS\ISIS_UT_TSQ_1V00_06_06_19\RELEASE\CAPTIONLISTVIEW.OBJ
C:\PUSHPENDRA\ISIS\ISIS_UT_TSQ_1V00_06_06_19\RELEASE\CAPTIONBAR.OBJ
C:\PUSHPENDRA\ISIS\ISIS_UT_TSQ_1V00_06_06_19\RELEASE\CHANGEPASSWORD.OBJ
C:\PUSHPENDRA\ISIS\ISIS_UT_TSQ_1V00_06_06_19\RELEASE\BONDING_INSULATION_DLG.OBJ
C:\PUSHPENDRA\ISIS\ISIS_UT_TSQ_1V00_06_06_19\RELEASE\BEZEL_SENSORMIN.OBJ
C:\PUSHPENDRA\ISIS\ISIS_UT_TSQ_1V00_06_06_19\RELEASE\BEZEL_SENSORMAX.OBJ
C:\PUSHPENDRA\ISIS\ISIS_UT_TSQ_1V00_06_06_19\RELEASE\BEZEL_SELFTEST.OBJ
C:\PUSHPENDRA\ISIS\ISIS_UT_TSQ_1V00_06_06_19\RELEASE\BEZEL_5VAC.OBJ
C:\PUSHPENDRA\ISIS\ISIS_UT_TSQ_1V00_06_06_19\RELEASE\BEZELKEYTEST.OBJ
C:\PUSHPENDRA\ISIS\ISIS_UT_TSQ_1V00_06_06_19\RELEASE\BEZ_5VDC.OBJ
C:\PUSHPENDRA\ISIS\ISIS_UT_TSQ_1V00_06_06_19\RELEASE\BENCHSELFTEST.OBJ
C:\PUSHPENDRA\ISIS\ISIS_UT_TSQ_1V00_06_06_19\RELEASE\ADDUSER.OBJ
C:\PUSHPENDRA\ISIS\ISIS_UT_TSQ_1V00_06_06_19\RELEASE\DU_SHOP_PAGE.OBJ
C:\PUSHPENDRA\ISIS\ISIS_UT_TSQ_1V00_06_06_19\RELEASE\DU_RWR_PAGE.OBJ
C:\PUSHPENDRA\ISIS\ISIS_UT_TSQ_1V00_06_06_19\RELEASE\DU_ROLL_90POS.OBJ
C:\PUSHPENDRA\ISIS\ISIS_UT_TSQ_1V00_06_06_19\RELEASE\DU_ROLL_90NEV.OBJ
C:\PUSHPENDRA\ISIS\ISIS_UT_TSQ_1V00_06_06_19\RELEASE\DU_ROLL_45POS.OBJ
C:\PUSHPENDRA\ISIS\ISIS_UT_TSQ_1V00_06_06_19\RELEASE\DU_ROLL_45NEV.OBJ
C:\PUSHPENDRA\ISIS\ISIS_UT_TSQ_1V00_06_06_19\RELEASE\DU_ROLL_180POS.OBJ
C:\PUSHPENDRA\ISIS\ISIS_UT_TSQ_1V00_06_06_19\RELEASE\DU_ROLL_180NEV.OBJ
C:\PUSHPENDRA\ISIS\ISIS_UT_TSQ_1V00_06_06_19\RELEASE\DU_ROLL_135POS.OBJ
C:\PUSHPENDRA\ISIS\ISIS_UT_TSQ_1V00_06_06_19\RELEASE\DU_ROLL_135NEV.OBJ
C:\PUSHPENDRA\ISIS\ISIS_UT_TSQ_1V00_06_06_19\RELEASE\DU_ROLL_0POS.OBJ
C:\PUSHPENDRA\ISIS\ISIS_UT_TSQ_1V00_06_06_19\RELEASE\DU_ROLL_0NEV.OBJ
C:\PUSHPENDRA\ISIS\ISIS_UT_TSQ_1V00_06_06_19\RELEASE\DU_RADAR_PAGE.OBJ
C:\PUSHPENDRA\ISIS\ISIS_UT_TSQ_1V00_06_06_19\RELEASE\DU_PRG_PAGE.OBJ
C:\PUSHPENDRA\ISIS\ISIS_UT_TSQ_1V00_06_06_19\RELEASE\DU_POST_TEST.OBJ
C:\PUSHPENDRA\ISIS\ISIS_UT_TSQ_1V00_06_06_19\RELEASE\DU_PITCH_90NEV.OBJ
C:\PUSHPENDRA\ISIS\ISIS_UT_TSQ_1V00_06_06_19\RELEASE\DU_PITCH_80POS.OBJ
C:\PUSHPENDRA\ISIS\ISIS_UT_TSQ_1V00_06_06_19\RELEASE\DU_PITCH_60POS.OBJ
C:\PUSHPENDRA\ISIS\ISIS_UT_TSQ_1V00_06_06_19\RELEASE\DU_PITCH_60NEV.OBJ
C:\PUSHPENDRA\ISIS\ISIS_UT_TSQ_1V00_06_06_19\RELEASE\DU_PITCH_30POS.OBJ
C:\PUSHPENDRA\ISIS\ISIS_UT_TSQ_1V00_06_06_19\RELEASE\VC110.PDB
C:\ADARSH\ISIS_UT_TSQ_1V00_06_06_19\RELEASE\ATI_UT.EXE
C:\ADARSH\ISIS_UT_TSQ_1V00_06_06_19\RELEASE\ATI_UT.PDB
C:\PUSHPENDRA\ISIS\ISIS_UT_TSQ_1V00_06_06_19\RELEASE\ATI_UT.EXE
C:\PUSHPENDRA\ISIS\ISIS_UT_TSQ_1V00_06_06_19\RELEASE\ATI_UT.PDB
C:\ADARSH\ISIS_UT_TSQ_1V00_06_06_19\RELEASE\SIPU_SDU_GNDRIG.RES
C:\PUSHPENDRA\ISIS\ISIS_UT_TSQ_1V00_06_06_19\RELEASE\SIPU_SDU_GNDRIG.RES
C:\Pushpendra\ISIS\ISIS_UT_TSQ_1V00_06_06_19\Release\AddUser.obj
C:\Pushpendra\ISIS\ISIS_UT_TSQ_1V00_06_06_19\Release\BenchSelfTest.obj
C:\Pushpendra\ISIS\ISIS_UT_TSQ_1V00_06_06_19\Release\BezelKeyTest.obj
C:\Pushpendra\ISIS\ISIS_UT_TSQ_1V00_06_06_19\Release\Bezel_5VAC.obj
C:\Pushpendra\ISIS\ISIS_UT_TSQ_1V00_06_06_19\Release\Bezel_SelfTest.obj
C:\Pushpendra\ISIS\ISIS_UT_TSQ_1V00_06_06_19\Release\Bezel_SensorMax.obj
C:\Pushpendra\ISIS\ISIS_UT_TSQ_1V00_06_06_19\Release\Bezel_SensorMin.obj
C:\Pushpendra\ISIS\ISIS_UT_TSQ_1V00_06_06_19\Release\Bez_5VDC.obj
C:\Pushpendra\ISIS\ISIS_UT_TSQ_1V00_06_06_19\Release\Bonding_Insulation_Dlg.obj
C:\Pushpendra\ISIS\ISIS_UT_TSQ_1V00_06_06_19\Release\CaptionBar.obj
C:\Pushpendra\ISIS\ISIS_UT_TSQ_1V00_06_06_19\Release\CaptionListView.obj
C:\Pushpendra\ISIS\ISIS_UT_TSQ_1V00_06_06_19\Release\CaptionView.obj
C:\Pushpendra\ISIS\ISIS_UT_TSQ_1V00_06_06_19\Release\CHANGEPASSWORD.obj
C:\Pushpendra\ISIS\ISIS_UT_TSQ_1V00_06_06_19\Release\Cursor.obj
C:\Pushpendra\ISIS\ISIS_UT_TSQ_1V00_06_06_19\Release\DataStruct.obj
C:\Pushpendra\ISIS\ISIS_UT_TSQ_1V00_06_06_19\Release\demos.obj
C:\Pushpendra\ISIS\ISIS_UT_TSQ_1V00_06_06_19\Release\DU_CBIT_Test.obj
C:\Pushpendra\ISIS\ISIS_UT_TSQ_1V00_06_06_19\Release\DU_Color_Page.obj
C:\Pushpendra\ISIS\ISIS_UT_TSQ_1V00_06_06_19\Release\DU_IBIT_Test.obj
C:\Pushpendra\ISIS\ISIS_UT_TSQ_1V00_06_06_19\Release\DU_Mode_Page.obj
C:\Pushpendra\ISIS\ISIS_UT_TSQ_1V00_06_06_19\Release\DU_PITCH_0POS.obj
C:\Pushpendra\ISIS\ISIS_UT_TSQ_1V00_06_06_19\Release\DU_PITCH_30NEV.obj
C:\Pushpendra\ISIS\ISIS_UT_TSQ_1V00_06_06_19\Release\DU_PITCH_30POS.obj
C:\Pushpendra\ISIS\ISIS_UT_TSQ_1V00_06_06_19\Release\DU_PITCH_60NEV.obj
C:\Pushpendra\ISIS\ISIS_UT_TSQ_1V00_06_06_19\Release\DU_PITCH_60POS.obj
C:\Pushpendra\ISIS\ISIS_UT_TSQ_1V00_06_06_19\Release\DU_PITCH_80POS.obj
C:\Pushpendra\ISIS\ISIS_UT_TSQ_1V00_06_06_19\Release\DU_PITCH_90NEV.obj
C:\Pushpendra\ISIS\ISIS_UT_TSQ_1V00_06_06_19\Release\DU_POST_Test.obj
C:\Pushpendra\ISIS\ISIS_UT_TSQ_1V00_06_06_19\Release\DU_PRG_Page.obj
C:\Pushpendra\ISIS\ISIS_UT_TSQ_1V00_06_06_19\Release\DU_RADAR_Page.obj
C:\Pushpendra\ISIS\ISIS_UT_TSQ_1V00_06_06_19\Release\DU_ROLL_0NEV.obj
C:\Pushpendra\ISIS\ISIS_UT_TSQ_1V00_06_06_19\Release\DU_ROLL_0POS.obj
C:\Pushpendra\ISIS\ISIS_UT_TSQ_1V00_06_06_19\Release\DU_ROLL_135NEV.obj
C:\Pushpendra\ISIS\ISIS_UT_TSQ_1V00_06_06_19\Release\DU_ROLL_135POS.obj
C:\Pushpendra\ISIS\ISIS_UT_TSQ_1V00_06_06_19\Release\DU_ROLL_180NEV.obj
C:\Pushpendra\ISIS\ISIS_UT_TSQ_1V00_06_06_19\Release\DU_ROLL_180POS.obj
C:\Pushpendra\ISIS\ISIS_UT_TSQ_1V00_06_06_19\Release\DU_ROLL_45NEV.obj
C:\Pushpendra\ISIS\ISIS_UT_TSQ_1V00_06_06_19\Release\DU_ROLL_45POS.obj
C:\Pushpendra\ISIS\ISIS_UT_TSQ_1V00_06_06_19\Release\DU_ROLL_90NEV.obj
C:\Pushpendra\ISIS\ISIS_UT_TSQ_1V00_06_06_19\Release\DU_ROLL_90POS.obj
C:\Pushpendra\ISIS\ISIS_UT_TSQ_1V00_06_06_19\Release\DU_RWR_Page.obj
C:\Pushpendra\ISIS\ISIS_UT_TSQ_1V00_06_06_19\Release\DU_SHOP_Page.obj
C:\Pushpendra\ISIS\ISIS_UT_TSQ_1V00_06_06_19\Release\Ethernet_Communication.obj
C:\Pushpendra\ISIS\ISIS_UT_TSQ_1V00_06_06_19\Release\font.obj
C:\Pushpendra\ISIS\ISIS_UT_TSQ_1V00_06_06_19\Release\FormEmpty.obj
C:\Pushpendra\ISIS\ISIS_UT_TSQ_1V00_06_06_19\Release\gfx_printjob.obj
C:\Pushpendra\ISIS\ISIS_UT_TSQ_1V00_06_06_19\Release\gfx_printunit.obj
C:\Pushpendra\ISIS\ISIS_UT_TSQ_1V00_06_06_19\Release\helper.obj
C:\Pushpendra\ISIS\ISIS_UT_TSQ_1V00_06_06_19\Release\HI6131.obj
C:\Pushpendra\ISIS\ISIS_UT_TSQ_1V00_06_06_19\Release\HlprFuncs.obj
C:\Pushpendra\ISIS\ISIS_UT_TSQ_1V00_06_06_19\Release\led.obj
C:\Pushpendra\ISIS\ISIS_UT_TSQ_1V00_06_06_19\Release\MainFrm.obj
C:\Pushpendra\ISIS\ISIS_UT_TSQ_1V00_06_06_19\Release\Mechanical_Test_Dlg.obj
C:\Pushpendra\ISIS\ISIS_UT_TSQ_1V00_06_06_19\Release\MessageBox_Dlg.obj
C:\Pushpendra\ISIS\ISIS_UT_TSQ_1V00_06_06_19\Release\MIL1553B_Communication.obj
C:\Pushpendra\ISIS\ISIS_UT_TSQ_1V00_06_06_19\Release\Mouse.obj
C:\Pushpendra\ISIS\ISIS_UT_TSQ_1V00_06_06_19\Release\MyCEditView.obj
C:\Pushpendra\ISIS\ISIS_UT_TSQ_1V00_06_06_19\Release\MyListView.obj
C:\Pushpendra\ISIS\ISIS_UT_TSQ_1V00_06_06_19\Release\MySplitterClass.obj
C:\Pushpendra\ISIS\ISIS_UT_TSQ_1V00_06_06_19\Release\Optical_Brt_Day.obj
C:\Pushpendra\ISIS\ISIS_UT_TSQ_1V00_06_06_19\Release\Optical_Brt_Night.obj
C:\Pushpendra\ISIS\ISIS_UT_TSQ_1V00_06_06_19\Release\Optical_Brt_NonUniformity.obj
C:\Pushpendra\ISIS\ISIS_UT_TSQ_1V00_06_06_19\Release\Optical_Chromaticity_Day.obj
C:\Pushpendra\ISIS\ISIS_UT_TSQ_1V00_06_06_19\Release\Optical_Chromaticity_Night.obj
C:\Pushpendra\ISIS\ISIS_UT_TSQ_1V00_06_06_19\Release\Optical_Contrast_Ratio.obj
C:\Pushpendra\ISIS\ISIS_UT_TSQ_1V00_06_06_19\Release\Optical_Contrast_White.obj
C:\Pushpendra\ISIS\ISIS_UT_TSQ_1V00_06_06_19\Release\Optical_Display_Area.obj
C:\Pushpendra\ISIS\ISIS_UT_TSQ_1V00_06_06_19\Release\Optical_Pixel_Defect.obj
C:\Pushpendra\ISIS\ISIS_UT_TSQ_1V00_06_06_19\Release\picture.obj
C:\Pushpendra\ISIS\ISIS_UT_TSQ_1V00_06_06_19\Release\Picture1.obj
C:\Pushpendra\ISIS\ISIS_UT_TSQ_1V00_06_06_19\Release\PlxInit.obj
C:\Pushpendra\ISIS\ISIS_UT_TSQ_1V00_06_06_19\Release\PowerInterruption.obj
C:\Pushpendra\ISIS\ISIS_UT_TSQ_1V00_06_06_19\Release\Power_Day.obj
C:\Pushpendra\ISIS\ISIS_UT_TSQ_1V00_06_06_19\Release\rowcursor.obj
C:\Pushpendra\ISIS\ISIS_UT_TSQ_1V00_06_06_19\Release\RS422_PORT1.obj
C:\Pushpendra\ISIS\ISIS_UT_TSQ_1V00_06_06_19\Release\RS422_Port2.obj
C:\Pushpendra\ISIS\ISIS_UT_TSQ_1V00_06_06_19\Release\Schedule.obj
C:\Pushpendra\ISIS\ISIS_UT_TSQ_1V00_06_06_19\Release\SerialPort.obj
C:\Pushpendra\ISIS\ISIS_UT_TSQ_1V00_06_06_19\Release\SIPUPowerONPage.obj
C:\Pushpendra\ISIS\ISIS_UT_TSQ_1V00_06_06_19\Release\SIPU_SDU_GndRig.obj
C:\Pushpendra\ISIS\ISIS_UT_TSQ_1V00_06_06_19\Release\SIPU_SDU_GndRigDoc.obj
C:\Pushpendra\ISIS\ISIS_UT_TSQ_1V00_06_06_19\Release\SIPU_SDU_GndRigView.obj
C:\Pushpendra\ISIS\ISIS_UT_TSQ_1V00_06_06_19\Release\Splach.obj
C:\Pushpendra\ISIS\ISIS_UT_TSQ_1V00_06_06_19\Release\StdAfx.obj
C:\Pushpendra\ISIS\ISIS_UT_TSQ_1V00_06_06_19\Release\unit_headerpage.obj
C:\Pushpendra\ISIS\ISIS_UT_TSQ_1V00_06_06_19\Release\unit_indexpage.obj
C:\Pushpendra\ISIS\ISIS_UT_TSQ_1V00_06_06_19\Release\unit_table1.obj
C:\Pushpendra\ISIS\ISIS_UT_TSQ_1V00_06_06_19\Release\USB_Communication.obj
C:\Pushpendra\ISIS\ISIS_UT_TSQ_1V00_06_06_19\Release\UserAuthendication.obj
C:\Pushpendra\ISIS\ISIS_UT_TSQ_1V00_06_06_19\Release\VisualInspection.obj
C:\Pushpendra\ISIS\ISIS_UT_TSQ_1V00_06_06_19\Release\Visual_LCDPanelChecks.obj
C:\Pushpendra\ISIS\ISIS_UT_TSQ_1V00_06_06_19\Release\WndSlider.obj
C:\Pushpendra\ISIS\ISIS_UT_TSQ_1V00_06_06_19\Release\XComboList.obj
C:\Pushpendra\ISIS\ISIS_UT_TSQ_1V00_06_06_19\Release\XHeaderCtrl.obj
C:\Pushpendra\ISIS\ISIS_UT_TSQ_1V00_06_06_19\Release\XListCtrl.obj
C:\Pushpendra\ISIS\ISIS_UT_TSQ_1V00_06_06_19\Release\XTOutlookBar.obj
C:\Pushpendra\ISIS\ISIS_UT_TSQ_1V00_06_06_19\Release\XTPagerCtrl.obj
C:\Pushpendra\ISIS\ISIS_UT_TSQ_1V00_06_06_19\Release\cl.command.1.tlog
C:\Pushpendra\ISIS\ISIS_UT_TSQ_1V00_06_06_19\Release\CL.read.1.tlog
C:\Pushpendra\ISIS\ISIS_UT_TSQ_1V00_06_06_19\Release\CL.write.1.tlog
C:\Pushpendra\ISIS\ISIS_UT_TSQ_1V00_06_06_19\Release\link-cvtres.read.1.tlog
C:\Pushpendra\ISIS\ISIS_UT_TSQ_1V00_06_06_19\Release\link-cvtres.write.1.tlog
C:\Pushpendra\ISIS\ISIS_UT_TSQ_1V00_06_06_19\Release\link-mt.read.1.tlog
C:\Pushpendra\ISIS\ISIS_UT_TSQ_1V00_06_06_19\Release\link-mt.write.1.tlog
C:\Pushpendra\ISIS\ISIS_UT_TSQ_1V00_06_06_19\Release\link-rc.read.1.tlog
C:\Pushpendra\ISIS\ISIS_UT_TSQ_1V00_06_06_19\Release\link-rc.write.1.tlog
C:\Pushpendra\ISIS\ISIS_UT_TSQ_1V00_06_06_19\Release\link.command.1.tlog
C:\Pushpendra\ISIS\ISIS_UT_TSQ_1V00_06_06_19\Release\link.read.1.tlog
C:\Pushpendra\ISIS\ISIS_UT_TSQ_1V00_06_06_19\Release\link.write.1.tlog
C:\Pushpendra\ISIS\ISIS_UT_TSQ_1V00_06_06_19\Release\rc.command.1.tlog
C:\Pushpendra\ISIS\ISIS_UT_TSQ_1V00_06_06_19\Release\rc.read.1.tlog
C:\Pushpendra\ISIS\ISIS_UT_TSQ_1V00_06_06_19\Release\rc.write.1.tlog
C:\Pushpendra\ISIS\ISIS_UT_TSQ_1V00_06_06_19\Release\SIPU_SDU_GndRig.res
C:\Pushpendra\ISIS\ISIS_UT_TSQ_1V00_06_06_19\Release\ATI_UT.pdb
C:\Pushpendra\ISIS\ISIS_UT_TSQ_1V00_06_06_19\Release\vc110.pdb
C:\Pushpendra\ISIS\ISIS_UT_TSQ_1V00_06_06_19\Release\ATI_UT.exe
